/Users/bryan/Library/Python/3.9/lib/python/site-packages/urllib3/__init__.py:35: NotOpenSSLWarning: urllib3 v2 only supports OpenSSL 1.1.1+, currently the 'ssl' module is compiled with 'LibreSSL 2.8.3'. See: https://github.com/urllib3/urllib3/issues/3020
  warnings.warn(
/Users/bryan/BGit/Bryan_git/UAP_Murder_Docus/Physics/Physics_Math/patents_intl/1_Track/Tweets_RedCollie1/tweets/raw_download/1879051181269618830_1.jpg
/Users/bryan/BGit/Bryan_git/UAP_Murder_Docus/Physics/Physics_Math/patents_intl/1_Track/Tweets_RedCollie1/tweets/raw_download/1879051181269618830_2.png
/Users/bryan/BGit/Bryan_git/UAP_Murder_Docus/Physics/Physics_Math/patents_intl/1_Track/Tweets_RedCollie1/tweets/raw_download/1962913727885258862_1.jpg
/Users/bryan/BGit/Bryan_git/UAP_Murder_Docus/Physics/Physics_Math/patents_intl/1_Track/Tweets_RedCollie1/tweets/raw_download/1962913727885258862_2.jpg
/Users/bryan/BGit/Bryan_git/UAP_Murder_Docus/Physics/Physics_Math/patents_intl/1_Track/Tweets_RedCollie1/tweets/raw_download/1952068076863709535_1.jpg
/Users/bryan/BGit/Bryan_git/UAP_Murder_Docus/Physics/Physics_Math/patents_intl/1_Track/Tweets_RedCollie1/tweets/raw_download/1961074846152131007_1.jpg
/Users/bryan/BGit/Bryan_git/UAP_Murder_Docus/Physics/Physics_Math/patents_intl/1_Track/Tweets_RedCollie1/tweets/raw_download/1961074846152131007_2.mp4
/Users/bryan/BGit/Bryan_git/UAP_Murder_Docus/Physics/Physics_Math/patents_intl/1_Track/Tweets_RedCollie1/tweets/raw_download/1957949285326361026_1.jpg
/Users/bryan/BGit/Bryan_git/UAP_Murder_Docus/Physics/Physics_Math/patents_intl/1_Track/Tweets_RedCollie1/tweets/raw_download/1957949285326361026_2.jpg
/Users/bryan/BGit/Bryan_git/UAP_Murder_Docus/Physics/Physics_Math/patents_intl/1_Track/Tweets_RedCollie1/tweets/raw_download/1957867627256168673_1.jpg
/Users/bryan/BGit/Bryan_git/UAP_Murder_Docus/Physics/Physics_Math/patents_intl/1_Track/Tweets_RedCollie1/tweets/raw_download/1957867627256168673_2.jpg
/Users/bryan/BGit/Bryan_git/UAP_Murder_Docus/Physics/Physics_Math/patents_intl/1_Track/Tweets_RedCollie1/tweets/raw_download/1934282482930557202_1.mp4
/Users/bryan/BGit/Bryan_git/UAP_Murder_Docus/Physics/Physics_Math/patents_intl/1_Track/Tweets_RedCollie1/tweets/raw_download/1948075676742865266_1.jpg
/Users/bryan/BGit/Bryan_git/UAP_Murder_Docus/Physics/Physics_Math/patents_intl/1_Track/Tweets_RedCollie1/tweets/raw_download/1948075676742865266_2.jpg
/Users/bryan/BGit/Bryan_git/UAP_Murder_Docus/Physics/Physics_Math/patents_intl/1_Track/Tweets_RedCollie1/tweets/raw_download/1948075676742865266_3.jpg
/Users/bryan/BGit/Bryan_git/UAP_Murder_Docus/Physics/Physics_Math/patents_intl/1_Track/Tweets_RedCollie1/tweets/raw_download/1948075676742865266_4.jpg
/Users/bryan/BGit/Bryan_git/UAP_Murder_Docus/Physics/Physics_Math/patents_intl/1_Track/Tweets_RedCollie1/tweets/raw_download/1934331128225120437_1.jpg
/Users/bryan/BGit/Bryan_git/UAP_Murder_Docus/Physics/Physics_Math/patents_intl/1_Track/Tweets_RedCollie1/tweets/raw_download/1934331128225120437_2.jpg
/Users/bryan/BGit/Bryan_git/UAP_Murder_Docus/Physics/Physics_Math/patents_intl/1_Track/Tweets_RedCollie1/tweets/raw_download/1934331128225120437_3.jpg
/Users/bryan/BGit/Bryan_git/UAP_Murder_Docus/Physics/Physics_Math/patents_intl/1_Track/Tweets_RedCollie1/tweets/raw_download/1934331128225120437_4.jpg
/Users/bryan/BGit/Bryan_git/UAP_Murder_Docus/Physics/Physics_Math/patents_intl/1_Track/Tweets_RedCollie1/tweets/raw_download/1956322284517368174_1.jpg
/Users/bryan/BGit/Bryan_git/UAP_Murder_Docus/Physics/Physics_Math/patents_intl/1_Track/Tweets_RedCollie1/tweets/raw_download/1956322284517368174_2.jpg
/Users/bryan/BGit/Bryan_git/UAP_Murder_Docus/Physics/Physics_Math/patents_intl/1_Track/Tweets_RedCollie1/tweets/raw_download/1933856028463911173_1.jpg
/Users/bryan/BGit/Bryan_git/UAP_Murder_Docus/Physics/Physics_Math/patents_intl/1_Track/Tweets_RedCollie1/tweets/raw_download/1933856028463911173_2.jpg
/Users/bryan/BGit/Bryan_git/UAP_Murder_Docus/Physics/Physics_Math/patents_intl/1_Track/Tweets_RedCollie1/tweets/raw_download/1933856028463911173_3.jpg
/Users/bryan/BGit/Bryan_git/UAP_Murder_Docus/Physics/Physics_Math/patents_intl/1_Track/Tweets_RedCollie1/tweets/raw_download/1933856028463911173_4.jpg
/Users/bryan/BGit/Bryan_git/UAP_Murder_Docus/Physics/Physics_Math/patents_intl/1_Track/Tweets_RedCollie1/tweets/raw_download/1957208185548271894_1.jpg
/Users/bryan/BGit/Bryan_git/UAP_Murder_Docus/Physics/Physics_Math/patents_intl/1_Track/Tweets_RedCollie1/tweets/raw_download/1957208185548271894_2.jpg
/Users/bryan/BGit/Bryan_git/UAP_Murder_Docus/Physics/Physics_Math/patents_intl/1_Track/Tweets_RedCollie1/tweets/raw_download/1957208185548271894_3.jpg
/Users/bryan/BGit/Bryan_git/UAP_Murder_Docus/Physics/Physics_Math/patents_intl/1_Track/Tweets_RedCollie1/tweets/raw_download/1957208185548271894_4.jpg
/Users/bryan/BGit/Bryan_git/UAP_Murder_Docus/Physics/Physics_Math/patents_intl/1_Track/Tweets_RedCollie1/tweets/raw_download/1960190187524247847_1.jpg
/Users/bryan/BGit/Bryan_git/UAP_Murder_Docus/Physics/Physics_Math/patents_intl/1_Track/Tweets_RedCollie1/tweets/raw_download/1960190187524247847_2.jpg
/Users/bryan/BGit/Bryan_git/UAP_Murder_Docus/Physics/Physics_Math/patents_intl/1_Track/Tweets_RedCollie1/tweets/raw_download/1960190187524247847_3.jpg
/Users/bryan/BGit/Bryan_git/UAP_Murder_Docus/Physics/Physics_Math/patents_intl/1_Track/Tweets_RedCollie1/tweets/raw_download/1960190187524247847_4.jpg
