[2026-04-22 05:56:26] === Starting @RedCollie1 download ===
[2026-04-22 05:56:26] User ID: 1070522825646063617 | Max per page: 100
[2026-04-22 05:56:26] Save directory: /Users/bryan/BGit/Bryan_git/UAP_Murder_Docus/Physics/Physics_Math/1_Track
[2026-04-22 05:56:26] NOTE: X API v2 hard limit = 3,200 most recent tweets. Total account posts = 22,024.
[2026-04-22 05:56:26] Fetching page 1 (token: none)...
[2026-04-22 05:56:27] Page 1: 98 tweets (running total: 98)
[2026-04-22 05:57:34] === Starting @RedCollie1 download ===
[2026-04-22 05:57:34] User ID: 1070522825646063617 | Max per page: 100
[2026-04-22 05:57:34] Save directory: /Users/bryan/BGit/Bryan_git/UAP_Murder_Docus/Physics/Physics_Math/1_Track
[2026-04-22 05:57:34] NOTE: X API v2 hard limit = 3,200 most recent tweets. Total account posts = 22,024.
[2026-04-22 05:57:34] Fetching page 1 (token: none)...
[2026-04-22 05:57:35] Page 1: 98 tweets (running total: 98)
[2026-04-22 05:57:35] Fetching page 2 (token: 7140dibdnow9c7btwoxhokdyzjs4lmpkjiorsc24jj2us)...
[2026-04-22 05:57:36] Page 2: 99 tweets (running total: 197)
[2026-04-22 05:57:37] Fetching page 3 (token: 7140dibdnow9c7btwoxh9l6iignv94tegy1q168tuawxg)...
[2026-04-22 05:57:38] Page 3: 100 tweets (running total: 297)
[2026-04-22 05:57:38] Fetching page 4 (token: 7140dibdnow9c7btwoxguq7ll50kl52xwu5y9zbkqj3n4)...
[2026-04-22 05:57:39] Page 4: 99 tweets (running total: 396)
[2026-04-22 05:57:40] Fetching page 5 (token: 7140dibdnow9c7btwoxguhplblb5tq6h6vedtd4dmkfn4)...
[2026-04-22 05:57:40] Page 5: 97 tweets (running total: 493)
[2026-04-22 05:57:41] Fetching page 6 (token: 7140dibdnow9c7btwoxguba7yzviyj710j4bozi9n75td)...
[2026-04-22 05:57:42] Page 6: 96 tweets (running total: 589)
[2026-04-22 05:57:42] Fetching page 7 (token: 7140dibdnow9c7btwoxgfkm97gf6361summ2y43iia1it)...
[2026-04-22 05:57:43] Page 7: 98 tweets (running total: 687)
[2026-04-22 05:57:44] Fetching page 8 (token: 7140dibdnow9c7btwoxgfe8djw4mhjq4uj5jd41i0ykhi)...
[2026-04-22 05:57:44] Page 8: 97 tweets (running total: 784)
[2026-04-22 05:57:45] Fetching page 9 (token: 7140dibdnow9c7btwoxgf5qdnyj7pxf15dx5w815xmr7a)...
[2026-04-22 05:57:46] Page 9: 98 tweets (running total: 882)
[2026-04-22 05:57:46] Fetching page 10 (token: 7140dibdnow9c7btwoxg0ezevm3r0ozzf0wwpgyvnhxro)...
[2026-04-22 05:57:47] Page 10: 100 tweets (running total: 982)
[2026-04-22 05:57:48] Fetching page 11 (token: 7140dibdnow9c7btwoxg08ncc98d8gxzy9l8k0qkthm45)...
[2026-04-22 05:57:48] Page 11: 100 tweets (running total: 1082)
[2026-04-22 05:57:49] Fetching page 12 (token: 7140dibdnow9c7btwoxg04c2xdo9yih8tko3jccq3td11)...
[2026-04-22 05:57:50] Page 12: 99 tweets (running total: 1181)
[2026-04-22 05:57:50] Fetching page 13 (token: 7140dibdnow9c7btw4e3fz5m5avmws7xkj1mznv84rwoh)...
[2026-04-22 05:57:51] Page 13: 95 tweets (running total: 1276)
[2026-04-22 05:57:52] Fetching page 14 (token: 7140dibdnow9c7btw4e3fqlioutvrugzfscbbjtbd4s35)...
[2026-04-22 05:57:53] Page 14: 96 tweets (running total: 1372)
[2026-04-22 05:57:53] Fetching page 15 (token: 7140dibdnow9c7btw4e3fi50i0xk469jfn9kk4gsgv6ex)...
[2026-04-22 05:57:54] Page 15: 99 tweets (running total: 1471)
[2026-04-22 05:57:55] Fetching page 16 (token: 7140dibdnow9c7btw4e30rf92wzaegyut9wecubew2pf9)...
[2026-04-22 05:57:57] Page 16: 97 tweets (running total: 1568)
[2026-04-22 05:57:58] Fetching page 17 (token: 7140dibdnow9c7btw4e30elzp2sl29400zeqhwayscwfn)...
[2026-04-22 05:57:58] Page 17: 97 tweets (running total: 1665)
[2026-04-22 05:57:59] Fetching page 18 (token: 7140dibdnow9c7btw4e2lnxqfrdxmm9eiiruxxqhl4jeb)...
[2026-04-22 05:58:00] Page 18: 97 tweets (running total: 1762)
[2026-04-22 05:58:00] Fetching page 19 (token: 7140dibdnow9c7btw4e2lfdximrhmssxj6qjdak1swl68)...
[2026-04-22 05:58:01] Page 19: 97 tweets (running total: 1859)
[2026-04-22 05:58:02] Fetching page 20 (token: 7140dibdnow9c7btw4e26kfx7q1jzw3y9mpu7z0893qk5)...
[2026-04-22 05:58:02] Page 20: 99 tweets (running total: 1958)
[2026-04-22 05:58:03] Fetching page 21 (token: 7140dibdnow9c7btw4e26byt6wdzd0119h45ii6no6bld)...
[2026-04-22 05:58:04] Page 21: 98 tweets (running total: 2056)
[2026-04-22 05:58:04] Fetching page 22 (token: 7140dibdnow9c7btw4e267mykryy787ojnv86jhgk26us)...
[2026-04-22 05:58:05] Page 22: 98 tweets (running total: 2154)
[2026-04-22 05:58:06] Fetching page 23 (token: 7140dibdnow9c7btw4e261aa7h1k4snl4s4dxsdzpv9kl)...
[2026-04-22 05:58:07] Page 23: 99 tweets (running total: 2253)
[2026-04-22 05:58:07] Fetching page 24 (token: 7140dibdnow9c7btw4e1r8hlo9885dj6bo1o2ycpqq33o)...
[2026-04-22 05:58:08] Page 24: 100 tweets (running total: 2353)
[2026-04-22 05:58:09] Fetching page 25 (token: 7140dibdnow9c7btw4e1qzyowv3xzuyctkh3rb2rp7ghk)...
[2026-04-22 05:58:10] Page 25: 98 tweets (running total: 2451)
[2026-04-22 05:58:10] Fetching page 26 (token: 7140dibdnow9c7btw4e1c998es3odflb4oe0z4wic2zw9)...
[2026-04-22 05:58:11] Page 26: 98 tweets (running total: 2549)
[2026-04-22 05:58:11] Fetching page 27 (token: 7140dibdnow9c7btw4e1bylwf0706t69cpnkc0iuuz3g8)...
[2026-04-22 05:58:12] Page 27: 98 tweets (running total: 2647)
[2026-04-22 05:58:13] Fetching page 28 (token: 7140dibdnow9c7btw4e1buacufbklr3x09jsnw8orbpkn)...
[2026-04-22 05:58:14] Page 28: 98 tweets (running total: 2745)
[2026-04-22 05:58:14] Fetching page 29 (token: 7140dibdnow9c7btw4e0x1hdcqhtm8xn4z2fi25qyoe2h)...
[2026-04-22 05:58:15] Page 29: 97 tweets (running total: 2842)
[2026-04-22 05:58:16] Fetching page 30 (token: 7140dibdnow9c7btw4e0wsy5sx7o1ciogwmmhacedf6t2)...
[2026-04-22 05:58:16] Page 30: 96 tweets (running total: 2938)
[2026-04-22 05:58:17] Fetching page 31 (token: 7140dibdnow9c7btw4e0hts7bi86pm56l5jgcftwemxbn)...
[2026-04-22 05:58:18] Page 31: 97 tweets (running total: 3035)
[2026-04-22 05:58:18] Fetching page 32 (token: 7140dibdnow9c7btw4e0hl8zomug9p8yfdzyvdeoiwu2h)...
[2026-04-22 05:58:19] Page 32: 97 tweets (running total: 3132)
[2026-04-22 05:58:19] Fetching page 33 (token: 7140dibdnow9c7btw4e02m0bprdhnyvqk2voyub4kp4ja)...
[2026-04-22 05:58:20] Page 33: 49 tweets (running total: 3181)
[2026-04-22 05:58:20] No next_token — all pages retrieved.
[2026-04-22 05:58:20] === All pages downloaded: 3181 tweets across 33 pages ===
[2026-04-22 05:58:20] Converting to YAML...
Processed page_001.json: 98 tweets
Processed page_002.json: 99 tweets
Processed page_003.json: 100 tweets
Processed page_004.json: 99 tweets
Processed page_005.json: 97 tweets
Processed page_006.json: 96 tweets
Processed page_007.json: 98 tweets
Processed page_008.json: 97 tweets
Processed page_009.json: 98 tweets
Processed page_010.json: 100 tweets
Processed page_011.json: 100 tweets
Processed page_012.json: 99 tweets
Processed page_013.json: 95 tweets
Processed page_014.json: 96 tweets
Processed page_015.json: 99 tweets
Processed page_016.json: 97 tweets
Processed page_017.json: 97 tweets
Processed page_018.json: 97 tweets
Processed page_019.json: 97 tweets
Processed page_020.json: 99 tweets
Processed page_021.json: 98 tweets
Processed page_022.json: 98 tweets
Processed page_023.json: 99 tweets
Processed page_024.json: 100 tweets
Processed page_025.json: 98 tweets
Processed page_026.json: 98 tweets
Processed page_027.json: 98 tweets
Processed page_028.json: 98 tweets
Processed page_029.json: 97 tweets
Processed page_030.json: 96 tweets
Processed page_031.json: 97 tweets
Processed page_032.json: 97 tweets
Processed page_033.json: 49 tweets

Total YAML files written: 3181
[2026-04-22 05:58:25] === Complete: 3181 YAML files in /Users/bryan/BGit/Bryan_git/UAP_Murder_Docus/Physics/Physics_Math/1_Track/yaml ===
[2026-04-22 05:58:25] Raw JSON: /Users/bryan/BGit/Bryan_git/UAP_Murder_Docus/Physics/Physics_Math/1_Track/raw_json/
[2026-04-22 05:58:25] 
[2026-04-22 05:58:25] Next step: run  bash download_images.sh  to fetch all attached images and videos.
