build_manifest.sh: line 13: cd: ./../../../../Physics/other/x_posts: No such file or directory
========================================
  Physics_Math IPFS Manifest Builder
========================================
  Videos dir: /Users/bryan/BGit/Bryan_git/UAP_Murder_Docus/Physics/Physics_Math/videos
  Output dir: /Users/bryan/BGit/Bryan_git/UAP_Murder_Docus/Physics/Physics_Math/ipfs
  Date: 2026-04-22
========================================
  Processing 790 video files...

  [1/790] Adding: 13_1912105612931932160_video.mp4 ... QmXEEEvta7v98kkrHjujX6aZAdKhqr2KvV9hAUkJCgzXcy
  [2/790] Adding: 13_1912265554804527104_video.mp4 ... QmeGjN7TQA8QJKyEjEahw1sXz9KemBswzSyTRtWc5Xynyz
  [3/790] Adding: 13_1912464551028690944_video.mp4 ... QmaenWhMvqWMh6FhT1QqkPv2ZAVLVMeQsbiEzJookuqgXy
  [4/790] Adding: 13_1912464595727310848_video.mp4 ... QmTp77qCahQowsB9EcRuMWcfHszLrxKmp7mh776Hx4HuyM
  [5/790] Adding: 13_1912529404363776000_video.mp4 ... QmeNWT3eZ62wogvH3eeG8uWMD2de3nfvRc4K3WMZBX5gEm
  [6/790] Adding: 13_1912715675791159296_video.mp4 ... QmQU9nhgkBt6SMw5VcCnHN3VvVojoGDGWxT1AQ8KNwdKJ9
  [7/790] Adding: 13_1912783496646651904_video.mp4 ... QmVUgLiPecDb3pPrnLzupzcytF2iZY7LUYTcgxZLNUbwbQ
  [8/790] Adding: 13_1912831602868338688_video.mp4 ... QmUHtMERjSeDAqAuEeJKZWXKVknzmXNSefh1Z9Z6Sca5Un
  [9/790] Adding: 13_1913007628550389760_video.mp4 ... QmNtPdpGS9KAFM2Wew2eBqQ3A9zLKAiYYkcG61d46ZjAC1
  [10/790] Adding: 13_1913229859163402241_video.mp4 ... QmZtXNG5fgq6H43MWa2dg5KKxCdxx9PyzRNqxMLNQ1TU7b
  [11/790] Adding: 13_1913486746995871744_video.mp4 ... QmPUMRqHZNYzrA78KGiNC4tnqC87orErKgko8NZELzoLCg
  [12/790] Adding: 13_1913553119520440320_video.mp4 ... QmZaydsvx4gQfABFpzzEV5RfAV4akZtsXDF6CmfnCT8qp7
  [13/790] Adding: 13_1913560796048904192_video.mp4 ... QmWLnZ7Y43gNRkdDF6Vy3maq76M4ApjnrPxjNBFZT1oN8X
  [14/790] Adding: 13_1913570554428428289_video.mp4 ... QmWSUfwtcukGrK6eWqnUn5rvdxnomkUr6kRfitKfmZwCWU
  [15/790] Adding: 13_1913570616609026048_video.mp4 ... QmS77DtXKQ3qhmsBpT8fFrWi57JVFczhTsVHd8UwXDCrqH
  [16/790] Adding: 13_1913911071704031232_video.mp4 ... QmTweQu5VzvmJkN3PxNjNhpCdxu6qAsT7kxUv3GPxYRu8z
  [17/790] Adding: 13_1913911119221280769_video.mp4 ... QmZgPdhTshUjFtkWBrUdNgoaNQt6PTGQyzd9KArieu42S8
  [18/790] Adding: 13_1913946739662544896_video.mp4 ... QmT926cutRQds2hkMtthWKvrAg4h1xUrbMewXhFDu4xiVK
  [19/790] Adding: 13_1913946810210746368_video.mp4 ... QmPeTdo7VnyzVcjm82ojq1FKcivzeQ48vgyAb2wjkRR8J3
  [20/790] Adding: 13_1913946853445619712_video.mp4 ... QmVUEqcp3ydk8SY5knYAgsiq1muGXba3Uj9FAVJCiDwkcL
  [21/790] Adding: 13_1914290740769042432_video.mp4 ... QmQMhBvZWym3aGFLy62UcLfUbLiBzECFKAya1pmoUxZczm
  [22/790] Adding: 13_1914290934143188992_video.mp4 ... QmTeCTGErjRtJf3heYwEbtiVjBaX8t9nmki1V4vR2fzpCY
  [23/790] Adding: 13_1914290978443411456_video.mp4 ... QmUkEsFAGSWKKErhHTsRf3EP8Woq1vBBnjqMnoZ395Hjdq
  [24/790] Adding: 13_1914619776615505922_video.mp4 ... QmUiBE6ff2YLi4RUL3zwzfA8hBcdGMVgihgVfUy2wC3UZE
  [25/790] Adding: 13_1914620216472166401_video.mp4 ... QmWae5zk63t4mUhg2pFdgxwnKgmLSV1SZajutAE7Ache85
  [26/790] Adding: 13_1914620524761907201_video.mp4 ... QmTQMh5ctxGMcnz69B1kZVuWVmQbkSRxYFHwhq2qLaya5v
  [27/790] Adding: 13_1914624838960078851_video.mp4 ... QmeuEEGNLrCPVyoJvqpeWmbAiXztw2dKFLbnE2a2AUSRut
  [28/790] Adding: 13_1914659640278913024_video.mp4 ... QmY82sGpza6UGFa794vJcStdMadg2fkZxRaHH2rozkxUCY
  [29/790] Adding: 13_1914659684906328064_video.mp4 ... QmRJkYBL47g59SZCfBgGoCCnTCGuyNrvjzJPzQfn5MVGXu
  [30/790] Adding: 13_1914664247965171712_video.mp4 ... QmeYCTzZSpjzswDsYViDA4v9JzKe5n2C3PeNxhUYzWdGNk
  [31/790] Adding: 13_1914664288897392642_video.mp4 ... QmWACo45rBxEvqFiMbkC2HWZ9EomLUjMe9B6nPJKuRBX1F
  [32/790] Adding: 13_1914664329275928577_video.mp4 ... QmNSkGostXeWbaAydjJg1fQoDQ5TRjre4UmkNwefXDr6s7
  [33/790] Adding: 13_1914869704390533120_video.mp4 ... QmUAydhTYYRX1WQH5aLNhCreoM4S5JegVB2897o8dKRXx6
  [34/790] Adding: 13_1915205371091996672_video.mp4 ... QmYJHXirFoPr2mUF4dtCVDUmFnfG6PfvShQ2gKPmDNY375
  [35/790] Adding: 13_1915359908901642241_video.mp4 ... QmZD7pZcBJzcRisQ8dQywkgn6LYxvYUaCnmyKx3PJ4ybDX
  [36/790] Adding: 13_1915645568136994817_video.mp4 ... QmREnX2TKrc3MZ7v4EgJJKARu14BzJFdXrnfyWdaPVenht
  [37/790] Adding: 13_1915646692306956288_video.mp4 ... QmP3b1jokW77D921L9Tj6NsPHgFGWKrQydAQdyF9AiPu1Y
  [38/790] Adding: 13_1915717464387969024_video.mp4 ... QmW4TnnH2a7oDnfeHXL4xVygNuMVi1DsgJ8fwnWQmDDh76
  [39/790] Adding: 13_1916093512992653312_video.mp4 ... QmRZaBBh9cvh1vVAAbC7tGhrsU1WLXMSkYdkE3tDAosMUG
  [40/790] Adding: 13_1916095047227084800_video.mp4 ... QmWSL8ah2BYt5sn81cqmYAxpPEjqjdnVyY3XNKNXacsPLG
  [41/790] Adding: 13_1916293139054350336_video.mp4 ... QmVFVXJzxHrjRuBT9TxzwLzgyP2vZMMHGhhxe1bgeyF9iH
  [42/790] Adding: 13_1916293193240612864_video.mp4 ... QmWdjiDtbiMVZkeYuRkK3KSwZr2T3WzGcneDeSYRrrCBaA
  [43/790] Adding: 13_1916451166030106624_video.mp4 ... Qmb6vvN2zMRZL75XE4ScXVVe78jNjrW1pL76mCMQJ1sPss
  [44/790] Adding: 13_1916601587826618368_video.mp4 ... QmSTSJQNaJfMxDsr7i9DJdPU489vJzK9ZXTpBiijCiq37L
  [45/790] Adding: 13_1916757043874299904_video.mp4 ... QmNd95LWTMz35doorR7wPR5UnZfiLPRdtGvcKxWMe6D4oW
  [46/790] Adding: 13_1918277080154030080_video.mp4 ... QmNdbLGyxSxJ63q2dtGo6WH63UGE5rjBDBQKHGCjueS7Gh
  [47/790] Adding: 13_1919302070332801024_video.mp4 ... QmQhK1xmKQcGFFhA3fg3s9otsZk7MWTyn2WuDM4JjoZpNH
  [48/790] Adding: 13_1919363035447345152_video.mp4 ... QmNcqXGnUfHG8cH63HoxirBCMHoEVjr2Q4Ww5r1tfYVkHB
  [49/790] Adding: 13_1919490490132791299_video.mp4 ... QmQ9x9EksRNfvC7DsrqXFR2sCYoNtTARMd73tVoqMKC1zk
  [50/790] Adding: 13_1919592136674250752_video.mp4 ... QmTU9tAW3fxY5sNR5Dj5Npy3AfLC9qWAmc9sNMza2QSZXW
  [51/790] Adding: 13_1919870920665284608_video.mp4 ... QmaGWyu93mGmdeCEUgZEYurgyBvsUBCVcK37fGox3XZLYa
  [52/790] Adding: 13_1920044263381008384_video.mp4 ... QmQDFeNNJx88L42wPzAxY1W1vTmdAjFbSKFe5qc9uGeps6
  [53/790] Adding: 13_1920044308943822848_video.mp4 ... QmbW8oyx4FMM2VYbDFNib72oUQbf9cEC3rm43NLQsw4Dvx
  [54/790] Adding: 13_1920044351109156864_video.mp4 ... QmShz31QVmXD8r93iCoZgjUrnBUeP3YvpZZnUL2bYb5gJh
  [55/790] Adding: 13_1920325869224022016_video.mp4 ... QmT2JpNWWUHVmK8ky3m73v5UWvCdgUHWUBMH3fVKCasi4u
  [56/790] Adding: 13_1920734216028925952_video.mp4 ... QmNN58oWSxrTkvPkiGXr2wBStRv7Gnvr8c41eFacHq66NG
  [57/790] Adding: 13_1920981233129189377_video.mp4 ... QmPWgGcHW8JzShQ6r2HYWpqsxKdYKSDAPQu1zo3CEohbNg
  [58/790] Adding: 13_1920981297792774145_video.mp4 ... QmfBpdRek8tuCunp9MnesRBvqHRSqwFWPPrzF6sWBc5QPq
  [59/790] Adding: 13_1921120807733911552_video.mp4 ... QmP91wWYjVuj1P19c7stgAoH5uHnuC1424o3vpGxYr93AV
  [60/790] Adding: 13_1921331159574708224_video.mp4 ... QmVzWVV2iEHcDHLx1ppvXQsVj4UAjnEU2zcJSSysSbTFco
  [61/790] Adding: 13_1922284712011431936_video.mp4 ... Qma2MWu2wqJcWfE7pbYGbYWALFQ2r3WF9yvE5pJg8vScZH
  [62/790] Adding: 13_1922637416739057664_video.mp4 ... QmTyyWnVThEvhwrsBJTppSicjZcAA1LyNFc4rE9xap4QDE
  [63/790] Adding: 13_1922666128960356352_video.mp4 ... QmUNBu3Ksuw8CSudpPvbob3CkUVhcNGqERRQGxBkW9C4x5
  [64/790] Adding: 13_1923558674410229760_video.mp4 ... QmcCshfta3MWcBUqLHrPJALts7hJojut35HHbQ1z7Kd26m
  [65/790] Adding: 13_1923558782346444801_video.mp4 ... QmbJWJoCjns5nLZeLNovkgjNfJeAbTNxEAqkSs7b97vwC4
  [66/790] Adding: 13_1923616741801799680_video.mp4 ... QmSc2Ln8ccpbyokdJxh7sskymZioQVNQQzXSgaubewnXpn
  [67/790] Adding: 13_1923735068603817984_video.mp4 ... QmQcjxZeWhBCfWR8A9zBjcTPs5bPSWeWA9zgwJdjHDQRff
  [68/790] Adding: 13_1923907846153928704_video.mp4 ... QmUnkGjGiU9FdLUuGpo42mhLEPuye5GEfZsFmbSHJiXVWH
  [69/790] Adding: 13_1924391502710513664_video.mp4 ... QmT8zsop5PyhqZybSm7v2QE2cwxiNL6coiYVLs4E72VrTb
  [70/790] Adding: 13_1924392072468905984_video.mp4 ... QmasoCcq9oSKLnyao7Jmg2CzpPSUDAU5jSy6QZnpXqr5TA
  [71/790] Adding: 13_1924392616814051328_video.mp4 ... QmYLccePRdY5zMWdhjPWw3bJCqXUTzmV3cdXPPkF1v1EPj
  [72/790] Adding: 13_1924393015038050304_video.mp4 ... QmW2ndoqikG9nvvDGZ6UdiLfTKQW8EL1HC8JiwzniPFYVL
  [73/790] Adding: 13_1924619947705286656_video.mp4 ... QmbLBpimxoJS56a1VSL8mEJ8VG1ykSbNtwGKLWL7bU7EDA
  [74/790] Adding: 13_1925729290022203392_video.mp4 ... QmeD6XRmtjT2e3PqurgWBCCYwgkvdcdeXEFjtn74nHJK2r
  [75/790] Adding: 13_1925816124744032256_video.mp4 ... QmTzXv6NbipD6dVE8SsiAgUD3jK9wyTLQcZmyJUz2aLycz
  [76/790] Adding: 13_1925875814974758913_video.mp4 ... QmTJby2UV8smErssjMTBAghaLnKBwREV1joZsnijUrsPh8
  [77/790] Adding: 13_1926181520990990336_video.mp4 ... QmPjn8CBSqEf3zf6TqsD415spT2vohLQKnREg1TL6M6CVd
  [78/790] Adding: 13_1926228603248812033_video.mp4 ... QmTa67aHNwJnrcmpHiGuRvtrAEhzt5vNp2zuDkHWvDfUiT
  [79/790] Adding: 13_1926417739813462016_video.mp4 ... Qmcs76wqJiMcnvtJpEgeB6skYder1Xfhtk9mzX95gYxMVa
  [80/790] Adding: 13_1926423602494111744_video.mp4 ... Qma58rDnD2HZBMUN8Ddp6JW3nW1Y6jN1NyAuVnL6budXe1
  [81/790] Adding: 13_1926605057438482432_video.mp4 ... QmU1pmTYi6bnQyX9q4ruTZ5LajEuPy3P1YfuNAiLMpGpKF
  [82/790] Adding: 13_1926609637857538048_video.mp4 ... QmfGKBiaZ8pZHJdHGRkK256DdTUzdNjg2vAR7ASWxBH1Ju
  [83/790] Adding: 13_1926628160096874496_video.mp4 ... QmYSwpc7J3kubUfL3vKLDsBw1VS8bJNcsBYSmDrNU26ryP
  [84/790] Adding: 13_1926788493868457984_video.mp4 ... QmSXLcfeDMYCiqfuhZkYGKBEm5LL8dv6sc7rvbhKE5akGN
  [85/790] Adding: 13_1926942523726921728_video.mp4 ... QmfRsrLwcWbhA62APbpUUSod1Um5j5wJvjvnrrbZzCXEoK
  [86/790] Adding: 13_1927339091730817024_video.mp4 ... QmR8BuqkqhtpHqcCzRUapQVC8tbripJsMq3342aAz6Pbc1
  [87/790] Adding: 13_1927503318328242176_video.mp4 ... QmcjEmwAeyijTZzCK1WTPAkCyuiDZz5rx3rKSAfMX9vrZd
  [88/790] Adding: 13_1927585094572630016_video.mp4 ... Qmee9J4PLoJaGrtPyW5fKW62hcbJ7MU23HxiFh3n9rYHJR
  [89/790] Adding: 13_1927892447029514240_video.mp4 ... QmczN97bidgHtZEoBYxC5Nz9nMiTVc3kDrSkoYxea9okEJ
  [90/790] Adding: 13_1928225927152160832_video.mp4 ... QmPd9WfgBwcFJTiYNKPsha3bfvtK6RxA72a2MiVggrknxx
  [91/790] Adding: 13_1928341317706469377_video.mp4 ... QmXhKKQDdiH4ZV7GvSJrtYgPermBewj5sU5YfaR2n9MZYb
  [92/790] Adding: 13_1928355052219158530_video.mp4 ... QmSSbH1Cu3TzQCxU5VH1B2pnNbd4R3umNfTutTMFDQpECP
  [93/790] Adding: 13_1928419557796089856_video.mp4 ... QmeErZniTgqiWgqpbD44iJa7Q6WadtHdBckYVcQmZitrZy
  [94/790] Adding: 13_1928757562629042176_video.mp4 ... Qmar2mkek9yozU5hGo8kxsWtW9z8aiWMUh9JUL6QeYNDn6
  [95/790] Adding: 13_1928793427992592384_video.mp4 ... Qmeya275Hv3i2U3dK34jA4piVzvHW4cHBz6PkqCaDGrkxd
  [96/790] Adding: 13_1928793484007452672_video.mp4 ... QmdYdNkuxTa25nwvgrrH22AXzVtxZCL2CcYMSdfFULbvug
  [97/790] Adding: 13_1928793551321874432_video.mp4 ... QmTgHbpn7bZhVY4MK2vdNVsL1opwPxfQtA6cCooKsDoAjp
  [98/790] Adding: 13_1928793637833551873_video.mp4 ... QmZPz3AGXrCoXpZ3EgdEYXSyABKXjr8xCuZX1KS3DRzJzJ
  [99/790] Adding: 13_1928965887698284544_video.mp4 ... QmT8Egqba1uPfW7R76rQUGekKXf6FewUuWH4dbWMZJdQLY
  [100/790] Adding: 13_1929004725753753602_video.mp4 ... Qmf5mk3uhJVRfDQX9VmbP8HruZTadWMp1awtdG7rpjfrpF
  [101/790] Adding: 13_1929005136090935296_video.mp4 ... QmdAZk2pfepanoiaySuKCfULMaGCUjAPdsNmzVETZMYDEK
  [102/790] Adding: 13_1929011075997167616_video.mp4 ... QmXMfk4XriLEDBq5AJcL3vU7149Qmowhjf9oXV7HtBrYmB
  [103/790] Adding: 13_1929054271649304576_video.mp4 ... QmehM8HqHxm6MM47J1KVwsxRDMVQ32N6hZWVMnRyRqDRJR
  [104/790] Adding: 13_1930622545256185856_video.mp4 ... QmXoYHjCp5hjZQGWCXnftYahqtA3SRjCNpzbm5XKJZUdub
  [105/790] Adding: 13_1931669099911987200_video.mp4 ... QmYvUNkwJ77vcRU7uSsDE5PZEBTXT479op99BEwrnneDsb
  [106/790] Adding: 13_1932034603617009665_video.mp4 ... QmPCPLzzP1JGL1LvR2xtoRqSRzVrwKwPs9sJWGxvhMYNJc
  [107/790] Adding: 13_1932759554468823040_video.mp4 ... QmcDZwineYNNboWXpryt2oLx6KraFWukCR1Z5kpBcJYgKB
  [108/790] Adding: 13_1933291015823372290_video.mp4 ... QmNhLd22cjRRtdBGCEMQw6jQCSW4Vjwn2cfeHvTFpKFibP
  [109/790] Adding: 13_1933725484875198470_video.mp4 ... Qmb6cZfpiZmCsFdFVTeRFQHxzCrznRUJQVPE3VYw7KUsvQ
  [110/790] Adding: 13_1934028507883171840_video.mp4 ... Qme8EK4HNuHdNkV4GnMA3suCgntT5VEi7XKcEtG1RFmAHV
  [111/790] Adding: 13_1934191685191507968_video.mp4 ... QmToBjp2GhCXikq35ZoRniYBxkxjG27VkGspQXN81bci2E
  [112/790] Adding: 13_1934237709943570432_video.mp4 ... QmW2z52LsetfLes53KGza82bgxjh6DwQgp4X2PBUKRPgwc
  [113/790] Adding: 13_1934367707153190912_video.mp4 ... QmbdPcZZaiLdZQEQcSAi1YGZwtPBkK8JYkmzTcg1TedLqL
  [114/790] Adding: 13_1934517026632200192_video.mp4 ... QmbsNvjBhSpFgsGcDXJmMK4o57YAbHJMqNJ2GFmHR78J8U
  [115/790] Adding: 13_1934832086625710080_video.mp4 ... QmSQEgfvjKzYUVPTcT5QxzsFsCH8nE5S9mkvGyyphbH88s
  [116/790] Adding: 13_1935285683427622915_video.mp4 ... QmTGjyRJR3Njo8a9ztJSNd46uvZHPsoHTHn1KqNJqsAWnj
  [117/790] Adding: 13_1935610801450070016_video.mp4 ... QmVYcTeef72bQQcAVyViEKq13iJfimCv39YpRpADveJM5p
  [118/790] Adding: 13_1935842247334854656_video.mp4 ... Qmenar9Z1UY1rJ7Ldmqm4XCLNSTNLTeoo2HwNsbeBRLCKC
  [119/790] Adding: 13_1936266616024473600_video.mp4 ... QmPn1rTeZvuez7ucPn43BR9KJuivrpvxeJ6cJC3Ph4ZBrm
  [120/790] Adding: 13_1936367389240856576_video.mp4 ... Qma7xF2hEoBUUisfmr5R6AisEup3C2q67ANiExSxS9znVk
  [121/790] Adding: 13_1936372506547388416_video.mp4 ... QmPwniGzgXp6pkKyNtaTQdYHBudBAkMviakgE93fgmc4P3
  [122/790] Adding: 13_1936726468727595008_video.mp4 ... QmRPdtTSxhH6SJ893PqkX5r5XUENMBs8XuAXn7aAQwX9w7
  [123/790] Adding: 13_1937003749333151744_video.mp4 ... QmS2JQrpdK8aUAFZNACgskEkPGF3dhDLUcNQasgLR7UpLR
  [124/790] Adding: 13_1937071657853538304_video.mp4 ... QmU9a1LG2dmLAE716dvYfy5fHsZAcV7ZxWYyrftzeEEH2K
  [125/790] Adding: 13_1938140068872609792_video.mp4 ... QmeE6Q2xDq2WxJu17vjKXZKRAsg9gcLG8YPv2WaU7oYtCa
  [126/790] Adding: 13_1938745737891983360_video.mp4 ... QmeP5fy1xiMNQoQ9km5aaCFc9VTgn3W2Qn5ebEqfBzgajV
  [127/790] Adding: 13_1938840644862066688_video.mp4 ... QmcBSXfaPdLekNcMAuUshzDeoxdAP6e6km4xoFbEKHXTwX
  [128/790] Adding: 13_1938858872615075840_video.mp4 ... QmUg3hMic5sw78XaiNizGYctVQkrPZPNDmJykkWVgPH5s8
  [129/790] Adding: 13_1938894248356515840_video.mp4 ... QmUVzc7TW3kBh6m5uQuSvDmjdMNdhwJiSzhwVRSTT6eURB
  [130/790] Adding: 13_1938897890132312064_video.mp4 ... QmUCSC3Tg8ZumWCkANkETufurTzwxkoGJ7yQzdSxhPGikY
  [131/790] Adding: 13_1939119558104883203_video.mp4 ... QmUUdjGkteLCVL7MtCJDto5YhCWV4psDERoHK8CEn6pUYZ
  [132/790] Adding: 13_1939119585065627648_video.mp4 ... QmbKV2kLGmsdyX5vKwXJjDFU6BK6v2UDtbnWa2ANS4ZXds
  [133/790] Adding: 13_1939120368838402048_video.mp4 ... QmXo1rVgTzKVA3Kjy2NxbhxHAUmyckciuW6rS8wrYMwL87
  [134/790] Adding: 13_1939293307605286912_video.mp4 ... QmSoxK7sUR6Ufg8e1ncn2A18mtnvjbZSVw8JGMsj8Z6GCG
  [135/790] Adding: 13_1939854669683298304_video_2.mp4 ... QmPV2rJAYAbNghNUekmcGPEQDMndYzBpPUwjfezJy7Msd8
  [136/790] Adding: 13_1939854669683298304_video.mp4 ... QmPV2rJAYAbNghNUekmcGPEQDMndYzBpPUwjfezJy7Msd8
  [137/790] Adding: 13_1940173495037485056_video.mp4 ... QmYJkK4d6mRsp6Fegxj1RmCJm4As5qK483Y2iZ8JcCvotz
  [138/790] Adding: 13_1940266108163923969_video.mp4 ... QmYUQ5t7qgKYoPwCiwiHTK2emksAsTiEQmye9GjLy7w6SC
  [139/790] Adding: 13_1940266140778762240_video.mp4 ... QmZQsSpc4fVciwy2BRu9oND6bvmNiAoVs5FHD8o9FoFe3m
  [140/790] Adding: 13_1940337109832794112_video.mp4 ... Qmctc8PDHoHWW7aN4dP67yQz29cpvrcxsJgEXf18nkUjwy
  [141/790] Adding: 13_1940527339504295936_video.mp4 ... QmYdNfSJGWa6AYTFKWvYF3TJLGaYYjsAKZwqY8CPTaVvVM
  [142/790] Adding: 13_1940541470999457792_video.mp4 ... QmVq59SiJQnqffLCDjFgY4TTfMPHQjcJvRRgzCbH6pxNr9
  [143/790] Adding: 13_1940693448664784896_video.mp4 ... QmT66pNwJomdsgVURcCeokmRUWWEx9yjKrXWuqG6QfFAN9
  [144/790] Adding: 13_1940753632229572608_video.mp4 ... QmVm87spAenry95UiLbSdCc8Zgpg4YcnAvFMHmKR1VoPzY
  [145/790] Adding: 13_1940911383069020160_video.mp4 ... QmfAFNNk54jLDNHsmGsV79ZxrmfBnZUH9prMSLVvApbzqL
  [146/790] Adding: 13_1940969242138152960_video.mp4 ... QmQKoBznZUkejW3ERtHmSoaBCRdAL9D7sYiUaensEzHxt3
  [147/790] Adding: 13_1941060816209395712_video.mp4 ... QmSaCAJmke6HsAc5NkZcA647ogp5eM71CaiC53yHVkiEmR
  [148/790] Adding: 13_1941310585410551808_video.mp4 ... QmNn9vwN35x359Bhb5kYCzyFwBY8aZtNc1JKTXszg3KtFJ
  [149/790] Adding: 13_1941312368438542337_video.mp4 ... Qmcjgys7HYB3Q3ioq1PYhCdYoEkhCjUDcfh7cBckyhrDh8
  [150/790] Adding: 13_1941429443244838912_video.mp4 ... QmTxVk6dRKedsmxoTKGrrPBFWZWXGwBdJbWcjzE45qCsD5
  [151/790] Adding: 13_1941499152179007489_video.mp4 ... QmSPzgqfYUFjB8jcVvuk3K8PeRraS7Me91zA8JQDrXcmDG
  [152/790] Adding: 13_1941725328814329856_video.mp4 ... QmQH6MpGCKqGNQNdG3cVg8K4xvhTPuBaQ1ik5n7w34vDbT
  [153/790] Adding: 13_1941725348170752000_video.mp4 ... Qmc8rFbwTsZeKV4P7zySdGUKfetTzbwxzJBWSeTBXXP3Wd
  [154/790] Adding: 13_1941998621651533824_video.mp4 ... QmcZMHQ9nhgav2KSqiFFMRKm36h5ZjuamRB6kTWQpsmEQw
  [155/790] Adding: 13_1942031494350036992_video.mp4 ... QmZFa1LWjB547eoukhgUbH1ZmSgu5LMoyt8iqVmgQBAUtY
  [156/790] Adding: 13_1942033406667186176_video.mp4 ... QmWjUkcqHSsidwaatAkJidH9dUsdECg65gn3aB8rDqpmfo
  [157/790] Adding: 13_1942536906681769984_video.mp4 ... QmbFetXhWr9QrT9qrJENWpYfYfwU2Xfeu1e9zeK8oQ8pRE
  [158/790] Adding: 13_1942536927942696963_video.mp4 ... QmczBPCRPBoCq9viANaLmc3M8qBdJ4SZ9EqeDWW2dmzY3t
  [159/790] Adding: 13_1942554539535585280_video.mp4 ... QmSVqEM32ZuKqtDDtx1jcyyaBZYRsn2XpZBKUHfBQ4Dhxv
  [160/790] Adding: 13_1942706021102936068_video.mp4 ... QmR4hqVMdy2syNa7NVzqvj5ggbs5okKggqm6xDVhN6UHWm
  [161/790] Adding: 13_1942712940169252864_video.mp4 ... Qme7abwC7G3BzasgBT6bXQqCkDBQ3jVzuSvE5s5aXPSrZq
  [162/790] Adding: 13_1943082748287291399_video.mp4 ... QmaDqSTjTak7eJjm6NjXPeQUwCFNVbVJyJi4iPYUVLcth5
  [163/790] Adding: 13_1943114592873553920_video.mp4 ... QmREatACC9x4uLBYsx1QwSTfBKBRmSrZLxVGbGERLkBRQT
  [164/790] Adding: 13_1943838363595026434_video.mp4 ... QmQqGtRqBL3VUoHCPmo8ce3yMVDcSDKYgLN22rHHLo9zN3
  [165/790] Adding: 13_1943926229218078721_video.mp4 ... QmNZ2aGcwLxDnk5Dx5sirzGoGe8JF8wLgi42g3DQryxTQd
  [166/790] Adding: 13_1944285251141787648_video.mp4 ... QmWPBJycx7iDpRaAvxXQ6Se2sd8WCXiuVn8Qv2asVYjAMQ
  [167/790] Adding: 13_1945035049575047171_video.mp4 ... QmYwNfjC9GraeERWtr5jJgb9k3zPFL4Txzw78T37nDbmJQ
  [168/790] Adding: 13_1945035075034189824_video.mp4 ... QmRQGnErQecg9VRqPBtXJX8v251bhFSubNm93x2tt8kVKF
  [169/790] Adding: 13_1945271580747014144_video.mp4 ... QmYd9AWhPshVTGchbfF8NykGMDDQL9tWDXuS1rCg2CeUJ2
  [170/790] Adding: 13_1945531909028577281_video.mp4 ... QmWRHwLwTwnNT7DbDdwqMYXQx1i3GjSdF8Bf3RME6LkX8G
  [171/790] Adding: 13_1945638282114539520_video.mp4 ... QmWWeG1ztwaJnVPgjWxAX5dWH8EVvxjnGcMv4nbfeQj9DB
  [172/790] Adding: 13_1945639910221746177_video.mp4 ... QmZHwGMtMxXhxmbLe2WRdhyjWtonsF9aeWETn5eedF4zL5
  [173/790] Adding: 13_1945754759043977217_video.mp4 ... QmVSyuYxe8JCTDHFXXPpVL195dESxDa3Ld9uLrdPeuDUuK
  [174/790] Adding: 13_1945755387052888064_video.mp4 ... QmYSKfupRWAsbAgZzKgeA4bKNpbMi4k8oo9CTZs7dsWmHm
  [175/790] Adding: 13_1946055004315373569_video.mp4 ... QmZJxYbfuwiTMJYq8J4gnqZtuCi4aAETskMBEQezGMdyAy
  [176/790] Adding: 13_1946055062100271104_video.mp4 ... QmQMfw6XGE2q5g8RMssJHpx9gDp5KHJDbVenK6cVtf7Qpa
  [177/790] Adding: 13_1946055082283311104_video.mp4 ... QmdpRj68GXM9hRzS74MxiG8RnJvztAckA6oPVjpuzmkAFV
  [178/790] Adding: 13_1946781218105896960_video.mp4 ... QmVz7W3CQnp9fNLi7hyxZunJkaGMkT6rWbSsbc3XFBfCfJ
  [179/790] Adding: 13_1946781678388797440_video.mp4 ... QmQQeHtNGc56mkiiNsRbQREXUg2u7eQAFPUwRSYthTwt49
  [180/790] Adding: 13_1946782398110167041_video.mp4 ... QmPeZonbKdrXWC5k6HHtSPTE5Nh6tdb2nbCCj2QBoRLduJ
  [181/790] Adding: 13_1947129299259015168_video.mp4 ... QmaSDSVFiU6xXVH9Bip6vN2b4sUMnNZVuYGYLd6b5eYSgV
  [182/790] Adding: 13_1947129624921534465_video.mp4 ... QmQECZo8Tm9xfwxoCwQxvUqjHwsxrzd9wjgMbiPcgpGLF5
  [183/790] Adding: 13_1947298128572665856_video.mp4 ... QmWNmL3ChFaZtHmE5c7e1go9bvke3fKM357ojV6rNXtiv4
  [184/790] Adding: 13_1948914967396450309_video.mp4 ... QmPVkNWYdXENTbF7ncz2toUyuNvcUd2aS2rnCHtB7vbW42
  [185/790] Adding: 13_1948944092647620609_video.mp4 ... QmUB6dW5SkayVbvMHbaAWs1h3xQeTbfgdxZnbgTr4PE9DV
  [186/790] Adding: 13_1949605188337360896_video.mp4 ... QmQiWYmBSApsG8AzpGESk78xyK4z4RfTJxYxCH5PSqoVUD
  [187/790] Adding: 13_1949620875743113216_video.mp4 ... QmRvdxvNLMUadvmDZLPuQ88jbpqQF9t2Dj2yNrzvJNupKP
  [188/790] Adding: 13_1949622406672515072_video.mp4 ... QmaUPCcwrTb55dw1Y4nz3Q3cz8AR6k62hhjkYmEiK292Nx
  [189/790] Adding: 13_1949961745340002304_video.mp4 ... QmXjN2RNxkHRmBMfWTjwaPpo7hFp6xUh7CGYP9oW4nBr3G
  [190/790] Adding: 13_1949982280119668736_video.mp4 ... QmSnELwx6Xpqy9cRNrrYpKAC8hNrkeZx5hokTawksh25Yh
  [191/790] Adding: 13_1950002872260935680_video.mp4 ... Qmb4Mn4VovsXKUNJeZxCjPVKki7oUtt7gPMVgNX1nPQC8n
  [192/790] Adding: 13_1950320524095258624_video.mp4 ... QmSckJSPy4cbupQxyRh2GVs6ERyhrFxvwDNGxcCTKzsj5Z
  [193/790] Adding: 13_1950755144062373888_video.mp4 ... QmU4QL4EYE51zLFU9XLjrvxqKfyWLVyoBu8wA53bCXeoPp
  [194/790] Adding: 13_1950802628667162624_video.mp4 ... QmcLYzCY5vETXz7vQxjxAEdpp5mbfchtJSsUMJd1xrwqgA
  [195/790] Adding: 13_1950802649944879104_video.mp4 ... QmUpew3f5rVEugdMYWj3HK7M8vmDypVAJwU5kxw5wzJvrq
  [196/790] Adding: 13_1950815386682966016_video.mp4 ... QmaZEQMPzsahR9aFdDXUbPmuL6vPJq9ffihk364bEhTbDe
  [197/790] Adding: 13_1951777776404684800_video.mp4 ... QmYaMskdndo8DyzsFd8W8F6weXdSMCMtTBShAx2bByKtNv
  [198/790] Adding: 13_1951845927343525888_video.mp4 ... QmXJ7BR43gTKaQ8eRjjcNJFoPQB8pS1JLwxrPzQCbRViwH
  [199/790] Adding: 13_1952197367056510976_video.mp4 ... QmaQKzzQynHroy7vkfZZEU7rwNZ7CMVDHLNKiNcZVNjqUk
  [200/790] Adding: 13_1952830609715548160_video.mp4 ... QmUDJAUTxjRUvmNbi66LtV2fiX7t44ZKjTZ9qnMYQv276a
  [201/790] Adding: 13_1953031310395736064_video.mp4 ... QmTLLYoQsFXMNwMgerjpcRmzmmCMwCY1kgKBpN9YAwcgV7
  [202/790] Adding: 13_1953031353286705152_video.mp4 ... QmSXyaACetaFaJ4eoHtpUchJxjrt2nnYLfR5mVGsZi4Eop
  [203/790] Adding: 13_1953766028711985153_video.mp4 ... QmVoApbZfYs1F9kgt6AYUwgqWmasRHJX1wzZbgU1Ls63XD
  [204/790] Adding: 13_1953766050958651394_video.mp4 ... QmQ7Ju86VDZpXSBLGuhZDdwjgv9CwsgYDj1DDixFs6Efg3
  [205/790] Adding: 13_1953766137692663809_video.mp4 ... QmWDKMcJchdLvsWuL9SN1AnWn1V8dhxMuTuri4grDRMPG9
  [206/790] Adding: 13_1954092358477524994_video.mp4 ... QmdXeQGXhpXSQ773F2hsY8S1gTS4wPVzdTRKsLX3GdtxWx
  [207/790] Adding: 13_1954093865771859969_video.mp4 ... QmQPvnNsL4XYsK7gTh5d378f8PhwJEeQQ5HNphzTag7ftF
  [208/790] Adding: 13_1954443651003916288_video.mp4 ... QmfKRpvuDfQsfDQ8KHEoKVpL6uPHXjasDksoNNcWofCmwS
  [209/790] Adding: 13_1954443677339934720_video.mp4 ... QmarQsXT2dmo1GQ2WJC46LA7gjoB8ky1JEAG9vYMQYbZYf
  [210/790] Adding: 13_1954454763732598784_video.mp4 ... QmbNeFVAnjN6Wr4uEGM2sSgVffKjGJdU9WdzDtPJF3rW86
  [211/790] Adding: 13_1954660018697158657_video.mp4 ... QmR6WpUQfyFkRt1ZLmCjyd2wMJk6vVDvqWRvGLzrhotrci
  [212/790] Adding: 13_1954769617718849536_video.mp4 ... QmRcb3j78jKyVS4zBbRqfxBP7S5dwMjZQSvs4LVATfkY9b
  [213/790] Adding: 13_1954859810610106368_video.mp4 ... Qma9A79VM9UrWKMT83o4SR3GjhcQsYVDVz77dZC6qyT4ES
  [214/790] Adding: 13_1955044355808563200_video.mp4 ... Qmb9g1fHYEwv2nNTAB3ViW4eVJfUpWsqEY5TGV9Gfp6jdQ
  [215/790] Adding: 13_1955176551290675200_video.mp4 ... QmQbfkyTVxCGgFbYUAtzrwC9NrVRpb7twgRLfPLvCw7w8i
  [216/790] Adding: 13_1955254431001481223_video.mp4 ... QmThgKsRKyD845rcnziGr5eVtrGurngBxbXyJ6RuCAZs28
  [217/790] Adding: 13_1955254508520607744_video.mp4 ... QmdjujTnqybR3YSZk65pwDJwWWY8SHonkZHZzEvPT14eFQ
  [218/790] Adding: 13_1955254595778908162_video.mp4 ... Qmbr8zJHvQA2V2XTuY6FibpqqmxcK48Yd69rYrKMtbL1Nw
  [219/790] Adding: 13_1955254816034422784_video.mp4 ... QmRWsQ4ev9yV9UBe8EZMFzLE1DBDzu36q7oQ3QTXVrUdB2
  [220/790] Adding: 13_1955403085884661761_video.mp4 ... Qme5JFG2SCeW5jsDRivN2ALd6NPsHrGQbnKEiUbtPY5s5J
  [221/790] Adding: 13_1955406945202163712_video.mp4 ... QmPywxZyAWveJHQABXpKGe5pjipJzqeoM78CpqH4ss9upt
  [222/790] Adding: 13_1955415448201330688_video.mp4 ... QmSn6bN7Kx5CW5JL1oBEPnbwGGQKV9LuSkmKPtKu7prLLn
  [223/790] Adding: 13_1955415468392714240_video.mp4 ... Qmf9UEBWME9mNyMqvpjjX2HWP1J6CSbzC9zQeopqUQDjwq
  [224/790] Adding: 13_1955447627912552448_video.mp4 ... QmahZoRGjcWwdGvYe2LtQeu5nJWEfDLyNYABJGeWApoTc2
  [225/790] Adding: 13_1955448646377541634_video_2.mp4 ... QmWbs8wabbBwjaDqCRsBphJvQDMXZo3DfGzqiVXkSLc6Tf
  [226/790] Adding: 13_1955448646377541634_video.mp4 ... QmWbs8wabbBwjaDqCRsBphJvQDMXZo3DfGzqiVXkSLc6Tf
  [227/790] Adding: 13_1955603013298802688_video.mp4 ... QmcvFdEm9sXF27xhzMpxiAvUh498Q2gMBjy54qHWry3XwX
  [228/790] Adding: 13_1955603036644270080_video.mp4 ... QmWAEgEekaBFeUumRMQJTpYAeoFyuDFLNZYmp7d8E9oGWT
  [229/790] Adding: 13_1955912888067219458_video.mp4 ... QmboZ6GHjLFARiNiC9vErBZcyEonXTm8cGCvEtYrNR5dqQ
  [230/790] Adding: 13_1956109900087746561_video.mp4 ... QmYu4WNDZGmDrsntqFKGSQH7dcQhpo7deDmE36F1awxW7K
  [231/790] Adding: 13_1956109917850624000_video.mp4 ... QmR8ELH7wjMsCy7HxcMA1z7bNhH5CoG33KLnrqgnagA3h3
  [232/790] Adding: 13_1956140781414309894_video.mp4 ... QmTs7u9HJGDLSrUsj8bK92Mmy2Z4ijWfacAGZkwos7m4Gu
  [233/790] Adding: 13_1956256697774956546_video.mp4 ... QmPW6hmjiAkmMJ18LHkzjojJyNCr3hbwBXrckaDVXhieTk
  [234/790] Adding: 13_1956312560929792001_video.mp4 ... QmUwRERmswsh1oB7CxJkmMvFsEmiYoTLueDUX69WR85VC4
  [235/790] Adding: 13_1956313988444442624_video.mp4 ... QmbYE7HwjaEzJj2rmXS76X5Tzw9tzMQ54ufJ4xxy8H3Kuf
  [236/790] Adding: 13_1956329124328611840_video.mp4 ... QmNrvWZrwdw9JaybH3rbnZvoocUjE8Y1N8ubom6hoKMn8n
  [237/790] Adding: 13_1956513852885213184_video.mp4 ... QmcnAVyM9bFPum6tDk1SaCt9uoo2nbzTxxM5To3ySFAeYS
  [238/790] Adding: 13_1956513878655053824_video.mp4 ... QmNermQd7as9bftAZg3v4hVxzuXCbhA6rVeuFAnerQyx6B
  [239/790] Adding: 13_1956516018417004544_video.mp4 ... QmSeB2j6ugjUUyRHTv5NqpnbXTwgZvTuPLxruSLTq1rFhs
  [240/790] Adding: 13_1956613616867934208_video.mp4 ... QmWDjqxHAtpFWTkJEL73vsqcxsNeodHYY6L17Brhrxu6KH
  [241/790] Adding: 13_1956621179403501568_video.mp4 ... Qmd22Xw7mEU8CvJQH2D1dFyt3H91PNKanccCN91E2ewowa
  [242/790] Adding: 13_1956679545492529152_video.mp4 ... QmcXDGLCo8Z7pkJ3MMDSoLzExk9eQgkCdMCHtshptFgHC7
  [243/790] Adding: 13_1956878594044809216_video.mp4 ... QmPjm1FdTSgbbSUS6giKF9qgJT5ozjFAjahtmwzcZoHPwq
  [244/790] Adding: 13_1957293251477811200_video.mp4 ... QmfBPCNzPC5v7Nn4fcb2Nc5EYjcHCF8FQCrfPbjD8K7sfG
  [245/790] Adding: 13_1957594842802061312_video.mp4 ... QmSqiiRa1YXZz4we5yXWRM2wWycbdkDNd9SUENN5hVsJdS
  [246/790] Adding: 13_1957650245611057154_video.mp4 ... QmNLryJrMsmfn1iCyYoQ2H8nXtBX9Rjb4kr9mme1vfq9rK
  [247/790] Adding: 13_1957650288187441152_video.mp4 ... QmetrmaSL8KRvLV3EfQouvW3Zw2RFN2nNncX3PzfD48Xik
  [248/790] Adding: 13_1957650341903921152_video.mp4 ... QmWmBVSiN6vhtguXbKdHueqAVpWFtJVaXS2KNhaz7AKtX5
  [249/790] Adding: 13_1957656516158451712_video.mp4 ... QmdW4f3QGLvSRg4yLDNgBuhBt3tWJ8VHrpRb3upffTLrWt
  [250/790] Adding: 13_1958067924130017280_video.mp4 ... QmbdqC6s8CcweaRxqGYmBNaj4hGyUtiZWQrdB62tNX4twA
  [251/790] Adding: 13_1958751809209868288_video.mp4 ... Qmcfok9pohCfRgks4RtPjFJ9RZEQHZbFzty7aC513aD1uY
  [252/790] Adding: 13_1958792227670630400_video.mp4 ... QmU3Xjsw9jN8mpmdov2DhEjqhS9UCSM5MREh6sgkZAzAvd
  [253/790] Adding: 13_1959403965109723136_video.mp4 ... QmRSTGFRV1ziTFb4PEAwiow6Cqj1jtiFjr84yXHyEvAGYA
  [254/790] Adding: 13_1959423125181104128_video.mp4 ... QmTtW5vSMTRyaPwV15w8JRt58B8PzoxKDUPZGDebHew3TW
  [255/790] Adding: 13_1959450870925713409_video.mp4 ... QmQX2cm9Eky4Lh6QvS6iXsYE8Pxu7EyHF5YMCYsqgFyAJk
  [256/790] Adding: 13_1959450926298914816_video.mp4 ... QmUL16QhdmPfFafteG1mr6fLuSjoLHPd9E7qFJB8FrCCrB
  [257/790] Adding: 13_1959450945341075456_video.mp4 ... QmPPrEWUw8QXdFaigD9zuobKPCszKN3KQZJtsSC6mwGxfz
  [258/790] Adding: 13_1959566395798425600_video.mp4 ... QmeR9Hko7KrCsehruHymUnmXYsfVArkJWdNBFfJf6hv8CN
  [259/790] Adding: 13_1960771745448910854_video.mp4 ... Qmccu1KKmGTCNoxp8eN88TyzkBxK6cvm4Ezvk528DZwDjx
  [260/790] Adding: 13_1961300654665977858_video.mp4 ... Qma9fNi2GGjJWykNN7qX7HQ74H3PwM1UwWyGuqxAs7r54h
  [261/790] Adding: 13_1961543589387014145_video.mp4 ... QmcoWJGfgNEbkRAW1Qec3KDzDkmHfTp3rggsqfSB2j8yGi
  [262/790] Adding: 13_1961942943293751296_video.mp4 ... QmbnxM6Sh2h1EhZhePX1QidEUgp6xN7vB7CaTbcdwedzHE
  [263/790] Adding: 13_1962132483002310656_video.mp4 ... QmR98HeXjstmGqZmBKmYioY9nC6Z9PfELkwDeURtUZndiH
  [264/790] Adding: 13_1962332131767803905_video.mp4 ... QmRvqWSnKpDopdCSSAC7teXwcsHGDBHYYeDhmZr6Hr4EDN
  [265/790] Adding: 13_1962347985930735616_video.mp4 ... QmfLYydrwaL6eBLSb1oaMyQPv4EYbNQctxQAwYQ8mg5DUu
  [266/790] Adding: 13_1962456715863142402_video.mp4 ... Qme1tiFhW8eSTjgE5u18KQNuDCoGJpVTumR9qoMgokHhC8
  [267/790] Adding: 13_1962688511813001222_video.mp4 ... QmQJtnGS7VHxZj5MvwV6N336HzYxGdnEQNzrCfBnuomUWw
  [268/790] Adding: 13_1962708739225735168_video.mp4 ... QmfYk4ZxqQPyeaC9kLJVACNsDKcQ3FWi7FUzG8wpx8tFvR
  [269/790] Adding: 13_1963008508653404167_video.mp4 ... QmQQzfoBwp2VUVmVtPYVDb3qaf2yutRjJBX9tGCNtjzhQ9
  [270/790] Adding: 13_1963008525036339201_video.mp4 ... QmUyebjdin7Zn8VUED1T8tDCEzJpGJGLG1fZA9LmiL4Ect
  [271/790] Adding: 13_1963186182797533184_video.mp4 ... QmZHifmcunwHPeZusixFa6zfzDD7p2bdPjpdcHySrf2LPU
  [272/790] Adding: 13_1963247276434079744_video.mp4 ... QmfRUk1U1Dk3A2yKFXmc6dYvZABW7ZGzTtasgNEZLrguN5
  [273/790] Adding: 13_1963370020148580352_video.mp4 ... QmbHs4Ngbhx4Zxq5X9k9G4Zw1iTzZoB4ohuYsmJSfuZPFN
  [274/790] Adding: 13_1963618296579948544_video.mp4 ... QmUbgo1CcjwhwmE254VC2EWdSwbvMWsQoDdDRJmSRvHNew
  [275/790] Adding: 13_1963911407789113344_video.mp4 ... QmP5bknHTXonmUApFbEMRKrqZj1ejWg3GaUCZofbY4owTj
  [276/790] Adding: 13_1963916120316153856_video.mp4 ... QmTkFoHh5Wwm2PBGx8tYYc72H745dnFLUM51DWXDu479hE
  [277/790] Adding: 13_1963916778595352576_video.mp4 ... QmRECsJBRN7yDPvZV9UwkHrmDSuGZxiTtwUKa2w8gXGtyd
  [278/790] Adding: 13_1964076811551477760_video.mp4 ... QmdLv4XoNVVLFgto5jTpshX3TbazyTYmKqHGhFWHDuFVT5
  [279/790] Adding: 13_1964079071182409728_video.mp4 ... QmZjeL6e8FKJMmqh1KJgG4jXzSuAih8sGh7fVrnr2fT1GC
  [280/790] Adding: 13_1964084210630873089_video.mp4 ... QmeHHUUr3ww7RRkUeJiNYW9DyhrQ3M8bRbMMwuFVojqY2V
  [281/790] Adding: 13_1964084490902626304_video.mp4 ... QmZF2fwLTeimM95oJEF887f5fZPLc8jJtG5YZGB4qg3Jaa
  [282/790] Adding: 13_1964084699376340994_video.mp4 ... QmSi13DyXj7MZLUc2LAfiMJzg5TTEBi3Kqs7D6eQf1Zfrf
  [283/790] Adding: 13_1964248354038435843_video.mp4 ... QmP6BdLbrQ1qMxwTsXvpDvVYJhdKoUULyJgQmefzix1azG
  [284/790] Adding: 13_1964248373151821824_video.mp4 ... QmSJ2UWjZbWjB69fJX8phBFrKbpkN3Kvv1mCw4S7q2n3kw
  [285/790] Adding: 13_1964836005359591424_video.mp4 ... QmeVSMGVvqhVhB3DpYiVPEsYhzy1ipWxCLMELgufrkZsDi
  [286/790] Adding: 13_1964836861555474432_video.mp4 ... QmUNVmgYeWph5Sjm6Nuvmw5SYbXN7T9vmovHGtK3QNLXzq
  [287/790] Adding: 13_1964863613530955777_video.mp4 ... QmVt2TxPake8xKJcDwHakwD1vAnrvxdkXZmADKcG4wrmp6
  [288/790] Adding: 13_1964863652840062977_video.mp4 ... QmQP9V5bVMEtQQpefQFcMahg3b9NkBpdmXThMFp65wBCpW
  [289/790] Adding: 13_1964863674977558529_video.mp4 ... QmaGkjY4fwDKib68D3z7hDLM5KyYcip9wckDCGRjWy1uYq
  [290/790] Adding: 13_1964875730883682304_video.mp4 ... QmVnwtLxSNJh2BXiwAoK7rgV8PJMkmuNoE5rXYKLHyiaLU
  [291/790] Adding: 13_1964912194107457536_video.mp4 ... Qma8T2Wdt8HrG15MJjZmVbr2NCZ7QrYQ1pprLuLk85sZcf
  [292/790] Adding: 13_1964912403545804801_video.mp4 ... QmbeBuK8VFckgT5h1iAg8n331eukSwZaAcM5Qp8QwPJ4io
  [293/790] Adding: 13_1964913091323502592_video.mp4 ... QmYqFnuowSkLWMXi1wFNb5HUVynkCuLDy2be4FGe5T7Kgy
  [294/790] Adding: 13_1964996566814728192_video.mp4 ... Qmdp3weUdYLmWsZsAHybiAzMiLPRWp71gRFkYktxbxZRac
  [295/790] Adding: 13_1965665493215498241_video.mp4 ... QmaE71AL4cSzQfdcsmRr6uhCak4AfgWPYzyMKyNu3WFFDw
  [296/790] Adding: 13_1965936544059109376_video.mp4 ... QmY55aViNXuUWPfEBXiwMcqkm2GPJCcCPf67WJKyU4eY7s
  [297/790] Adding: 13_1966038196808200193_video.mp4 ... QmY6gUgpaoSmPiJYf5YEBfWsAddQSLtBwpzvEbTZXtAfmj
  [298/790] Adding: 13_1966452294603726848_video.mp4 ... QmQJQAZAhWyctkiv1wwng53E5PMxCNzfPLMQZkbEffa8t1
  [299/790] Adding: 13_1966822722723606532_video.mp4 ... QmavhgkHbNTjtNEfV8XCA4T2hvVwh9VeSRqMm6inns8ExF
  [300/790] Adding: 13_1966828494484369413_video.mp4 ... QmTwAAQ6HczPTvuiN7vPfhLUkimJtjGYkdvF6PetV7ebJd
  [301/790] Adding: 13_1966828665024704512_video.mp4 ... QmRQV3HDQU78eGmn8Gy8goyG7N8KQyL5R25QwZQHKwEP8v
  [302/790] Adding: 13_1966849762998841346_video.mp4 ... QmQvkNSgT4ian66iuema6jcpHhFeDqcqY2bSLn1NG5tD3T
  [303/790] Adding: 13_1966849814777516032_video.mp4 ... QmaUh1Yzptzoi3JDuvVByVLyYHxGSmsYKXjkBrYEGDdniQ
  [304/790] Adding: 13_1966849882691694592_video.mp4 ... QmW7egQFvYJ9LTfMn25yGYVCRXjUbQxYHEiJdMiUAw53hy
  [305/790] Adding: 13_1966849984579739648_video.mp4 ... QmbbjK838EdyQSTTuoSrV85Mh2Dm5kwR9Hju2uA45FkNfx
  [306/790] Adding: 13_1967150217704484864_video.mp4 ... QmTxvkUUSmZ3YtFh3vDgUBBFKJ1LYS6tZZMatEi5oXSSVQ
  [307/790] Adding: 13_1967150248696131584_video.mp4 ... QmZwQuJuuoTLCRjZU7ZsaLuxEARk17Jiq7ZPk3HjdwdEyW
  [308/790] Adding: 13_1967359086615556096_video.mp4 ... QmdVpTR5CkZVHG383q9ouQ9E31Mz2DoHXZFG1YZY2tAg5B
  [309/790] Adding: 13_1967439755995660288_video.mp4 ... QmNb8wLYyiavthWjVqJNzgxDTTuoNyFfjcMmLP4y9gfhZB
  [310/790] Adding: 13_1967441607168565248_video.mp4 ... QmTow3RdsvjiZRLUWv48e1UBmrN4YFbbAmQNmLuCpPQuQy
  [311/790] Adding: 13_1967443308210495488_video.mp4 ... QmSciHJXz789K6xw4RUvXR9M9BoFqA8RQwpZhWxA8nSSzv
  [312/790] Adding: 13_1967992827654324224_video.mp4 ... QmTXMwCoHgehgxRb1BkX6wEtkMABWnfS4CVKRC5rzpNiZV
  [313/790] Adding: 13_1968592496738635776_video.mp4 ... QmYqmHrzrwJyaAvxfAkdnmiCmCE14J8mfB3udwJhmpwtuo
  [314/790] Adding: 13_1968862743961980928_video.mp4 ... QmcyvUDaEQjxHmLXWT4VdsqTpnxrb1QHz5Xp1XsCYmv24T
  [315/790] Adding: 13_1968945007999713280_video.mp4 ... Qmf4C5Q2VZkcV7mH8dduwMWFubo4svspeJPpNtYAH8dXfe
  [316/790] Adding: 13_1969221708965167104_video.mp4 ... QmZ1FTTbDJvRjqV4LKz3YC19hZAJC4GgHs5FeFrGxJTnyY
  [317/790] Adding: 13_1969363842544365568_video.mp4 ... QmYsNLDvi4s6hifQwx8ivkjBGSVVWXwCuFpikoyMYHSFS9
  [318/790] Adding: 13_1970464668910231552_video.mp4 ... QmdwwkeeajRWypuhTi48MacwusSVKKfxSeh5vCoMBmzzUm
  [319/790] Adding: 13_1971031656783020036_video.mp4 ... QmWTha3E4RfsyNJ73pun4oHgpnAHfrP1ff9Zk4Ge5k4Z36
  [320/790] Adding: 13_1971040897677795328_video.mp4 ... QmeScbgdYjwiLPKb1QY7dQCHfDBgY4misoJwBY2hP6mVsW
  [321/790] Adding: 13_1971327140307279872_video.mp4 ... QmciBERj3YnSjJW1wFsdR7niqif2mWy3wAyn7s5xWwxGVG
  [322/790] Adding: 13_1971360840071933952_video.mp4 ... QmZXEBXvtXqyKXAwBp33aiEk1Ckcf2pM33ZtDXhkTk8k34
  [323/790] Adding: 13_1971458110847057920_video.mp4 ... QmceBHBS3AJYBypKngxrmLb2TZt1fBtSguzcVQAXkBzVLk
  [324/790] Adding: 13_1971539074201825281_video.mp4 ... QmdmxB8P2aKsp1ujgT1LtLRJ1u76KRcVJH6ojfRfvizFWv
  [325/790] Adding: 13_1971704920643715072_video.mp4 ... QmaFvVh1uYWeK3uAPKXfaq1Ms5STLZZWtyb8PRred3ewPq
  [326/790] Adding: 13_1971719896305401856_video.mp4 ... QmbdWwjh9NHMtDWEnz28VJyP4tzHVorjYjfvDCK37rMM16
  [327/790] Adding: 13_1971783575566753792_video.mp4 ... QmS9qtnUqvCVKkoqNnFXhGQabR7SN5iKm7Pm1kjDKkSuBf
  [328/790] Adding: 13_1971865152497897476_video.mp4 ... QmaTxKMbrkcJPTxe61HjQP4s5cRBR2hSaXZPtmu1oKmiwi
  [329/790] Adding: 13_1971865181249851393_video.mp4 ... QmahbcKCS7Fuyh6Pq9UG4HFGcPW9Sto8mdYJKtakXhqSWX
  [330/790] Adding: 13_1971922262543814659_video.mp4 ... QmbRADM27QABWF2AH3Rc6zmpRkoYvVX6hexr1JFX2QTdjv
  [331/790] Adding: 13_1971922293426475010_video.mp4 ... QmaygLofdtj4DU8zut3jhLfS5cnJmHxB5Y9TpYV2vXE5g2
  [332/790] Adding: 13_1972255361815261184_video.mp4 ... QmSY5dHd26U1DSRnH3keaSf9QvVrMsPkCe745AaAucTxgm
  [333/790] Adding: 13_1972255391594733568_video.mp4 ... QmejzUvXZCVZCy89WK4ztuVFCaTgaGv7FjkNhjNrCVkUwb
  [334/790] Adding: 13_1972967366024916993_video.mp4 ... QmY7RNS641iJdw1WXaAmEiksURagfzeoGCNLCsy3Y4pSiK
  [335/790] Adding: 13_1974092957533057024_video.mp4 ... QmQouxunm6kU8gS2NfdMhLFmWsXmpKXutettufv3PtPHXF
  [336/790] Adding: 13_1974260985230921728_video.mp4 ... QmUPRMZYHTVrV11nK5DHNx2jzbJ4ieThLeTVUhEM7s5jYr
  [337/790] Adding: 13_1974620869084483584_video.mp4 ... QmaoNWnP9caXPTEwrL4FJjwr58wd8DDH3ed8vArCWhMgCk
  [338/790] Adding: 13_1974622727786184704_video.mp4 ... QmdBcHS2rWVbShc72RxLCf2xaxnBySQDGwES9RchimSrrP
  [339/790] Adding: 13_1974624649180069888_video.mp4 ... QmeZcoJvzmxkc8cebqxeaPMiGg2uLu8Zr8F4qHMEnkJZAt
  [340/790] Adding: 13_1975157201011671040_video.mp4 ... QmbcGB4EfTLa63hFEeibhZeH8dpeofvtJ1J15phbAKz4JY
  [341/790] Adding: 13_1975492158070398976_video.mp4 ... QmYEqBgxDcR2DUmdNQUkcp4zyZQdN2CPAwshUFwuy7mBuV
  [342/790] Adding: 13_1975685004018724864_video.mp4 ... QmQvZ3ujGiuF7ZJyfb5jYFmQYAdPKoqEGF98rPE9LqzVGy
  [343/790] Adding: 13_1975685874789851137_video.mp4 ... QmUsf6Byfs5DVaJDhz8m8KchXanrpDDSsigPyxiDLj3QXw
  [344/790] Adding: 13_1975689334616694785_video.mp4 ... QmQcpHYJbYQyCu3LhgrkiwfPQeCEw3K6v5eRm2NBHKWpZ5
  [345/790] Adding: 13_1975743680901488640_video.mp4 ... QmU7ojDQDpWZTBbuKfSzWpsBMhnoK3T9EuAaGFa9JRenGs
  [346/790] Adding: 13_1975781678292598784_video.mp4 ... QmZm8bWEc48k62UuWg7LvbZMSE1vqFm3piay6vNUaiQnR7
  [347/790] Adding: 13_1975817585783611392_video.mp4 ... QmRQvXZADLjD2ujnwq6yz2tVkJvoo5FmxPvcEdFna3tQNS
  [348/790] Adding: 13_1976070736315088896_video.mp4 ... QmRU6qMPubJWXJeKMnhBqD8YnuYDW4X1V1NooBfK3JjY4n
  [349/790] Adding: 13_1976075963135037440_video.mp4 ... QmZJ5Zm3GogYP7qLoXZGrmtFaqUgf8zJFvS5qwNzDDCGbE
  [350/790] Adding: 13_1976075981111828480_video.mp4 ... QmepDbc3teU3YwBC78hCXMDrwLbXezTEYxaLKbRyc7QdFi
  [351/790] Adding: 13_1976401610663505920_video.mp4 ... QmNtyFtFwvdKsbyaCj3pz5MbrMmsnf1bwsy42w93F8vmTJ
  [352/790] Adding: 13_1976969574974472194_video.mp4 ... QmRiPivMgTBEfhVyrmvt8QQDgN8YZJsJv4w7w7hh3nDYEJ
  [353/790] Adding: 13_1976969778192687104_video.mp4 ... QmZTQVJCnEZrTxm9HrgbfdqkRhWL5Xmq1sDQssD3tZaUfw
  [354/790] Adding: 13_1976970101728690177_video.mp4 ... QmezdSwJkGfo554JVdep5Jf2NqVerTLqyFVUMz2dbVhnRx
  [355/790] Adding: 13_1976970916849762306_video.mp4 ... QmXbqqwxpqRCc9q44dmvLdSpX1jiCpzdgkJYCS7DJ49D4j
  [356/790] Adding: 13_1976982878732140548_video.mp4 ... QmUBse1RwxMiX7Q7CngbM9HSEDp5L9L7dvihvpo2tL6Tts
  [357/790] Adding: 13_1977144236366774273_video.mp4 ... QmRArvGGReTqvCLUvoH33sgnaKbBYjFZWk3SgMwicB6Nin
  [358/790] Adding: 13_1977544155573407745_video.mp4 ... QmPcWUsF3kXVJBCqhapZef16NrDgycpqG9txEUeF1YCr1M
  [359/790] Adding: 13_1977545116039667713_video.mp4 ... QmVSCiqj8Ep5JQTamPj1weDVfNf4RAQiBLyQxmwFESNnSe
  [360/790] Adding: 13_1977842470991060992_video.mp4 ... QmTEbLUZMtKsGnmxrxYZUkrpbNdskZYuUMYdihbczWuc3r
  [361/790] Adding: 13_1978247170760572928_video.mp4 ... QmZzQMR31dYkohQXbPWuNEsmcqH3mHF3r1G2JCGvLvN9sp
  [362/790] Adding: 13_1978449695967236096_video.mp4 ... QmQczSKwcnrjFx26NdwTEef93xfgAErFauu56MXXAyncm2
  [363/790] Adding: 13_1978538817469693952_video.mp4 ... QmZGmL5nKkeSW6qdWoShGVhpFKaREJMLjg9h8F1SaCUQ6k
  [364/790] Adding: 13_1978592098623590400_video.mp4 ... QmSr6d39SkW1fqJqcenTRBTbbC63hmRravRPsAQowDZPtM
  [365/790] Adding: 13_1979718214926897152_video.mp4 ... QmRJ231cTyK9FY2LaKMMWuTfXLyYUFpu3TjBAAAjetL6zi
  [366/790] Adding: 13_1979718688069533696_video.mp4 ... QmR8D15PK4CdyXVDrmnX7sz4XRpg7jECWH81zTdFVdyMD7
  [367/790] Adding: 13_1980034876456759296_video.mp4 ... QmYDUy7byCqu8ocsgr5hfeKty2CE7Y1Nmb1aWbUKJDHmSp
  [368/790] Adding: 13_1980839150103212032_video.mp4 ... QmVjyaTgjzLDytihSdYLhqSF6pCMccmYMF4pWmKFRWmN7a
  [369/790] Adding: 13_1980840868627058688_video.mp4 ... QmcWMurdtNrqHUNPQCHLjSkV639HfYCkwAJuDki4LzxCvb
  [370/790] Adding: 13_1980841108847382528_video.mp4 ... QmUNDzxNepXiFtiwfWJck2iqNkpzkHsuG6q6YGWpG2kfc3
  [371/790] Adding: 13_1980841378843066368_video.mp4 ... QmeNx3niS19PtHTa2Gzce9twPDhGpGuSN7KzauYvXRZjfX
  [372/790] Adding: 13_1980900427647397888_video.mp4 ... Qmavnh9zSSFmiizofWvgvNFqWkfyKv2jH6pypAtnBsXdbJ
  [373/790] Adding: 13_1980904234498355200_video.mp4 ... QmX6Bp1A9SgypdA7bKcvh3C7PwtkdkBS2VmL6q2Nq2rrgV
  [374/790] Adding: 13_1980913751478976512_video.mp4 ... QmXzJhWh3SzLAiRDLik7qXdWZgGFe43usN7EUejk63a9gt
  [375/790] Adding: 13_1983827490171973633_video.mp4 ... QmXWBKNvBKKmSLGBFh1zv8KCB7HrmRowKTFeQ44tzTHRTg
  [376/790] Adding: 13_1983827586053742592_video.mp4 ... QmNdSsG66Mm7oaJW8w2hLDCW7sKV71cJaZG1iKQVYv16P1
  [377/790] Adding: 13_1983881187644022785_video.mp4 ... QmRc4M3sL3QxwwVJ4eympYMH8RMy3M7bGfDV5Brm5FHGUi
  [378/790] Adding: 13_1984095569347014657_video.mp4 ... QmNkKj97fG8UNgWf9PddtB7M72KdiqMUuC1zEUfUBcp8kp
  [379/790] Adding: 13_1984095599403397120_video.mp4 ... Qmch4UiRFKRdmknGQb5z1sv8h6wWDfNQvsYMgboijYpXxx
  [380/790] Adding: 13_1984096176745099264_video.mp4 ... QmNkiu8VmCrw6UVKUfk3ZjYyA9fg1ju5XrKgjTzBYgAYiy
  [381/790] Adding: 13_1984099637196943369_video.mp4 ... QmSUxUiugWmSiW6PpKvEdJEoZvBVGUbEngocwnFffCpD2a
  [382/790] Adding: 13_1984100046661677063_video.mp4 ... QmPoDvbNJ4Zob8iTSQgLNHTKi6ezzYvbDsNFdAomQD5dZz
  [383/790] Adding: 13_1984976738036891648_video.mp4 ... QmPd9XuyFJk4j4E7FJS1mwMwBPYg2a88DjFpdzEoTTDg4b
  [384/790] Adding: 13_1984976763143999488_video.mp4 ... QmbDQAH6mojWEP7LXd41vfJ577HzN1Xy3sgGKGgvAnhZ8K
  [385/790] Adding: 13_1984976886636957696_video.mp4 ... QmVhqJ9ZnBgftVJfpS8S3kUqA9r8RBr9kUrF9rsxVovWGd
  [386/790] Adding: 13_1985113955854163968_video.mp4 ... QmeErhDg7urH3cDox19qjbuyVpM8CSGi1jT2YWMLTTc992
  [387/790] Adding: 13_1985115126673133568_video.mp4 ... QmZnMjJF4q3GC4YxpzMDL6RBy2N3bKtQtBMwyYaDjgu6cy
  [388/790] Adding: 13_1985574379523321856_video.mp4 ... QmPqYAvSnXBHdoygDD2rZUYV9EhFu4wGuVKvTs2Apmshub
  [389/790] Adding: 13_1985852720725774336_video.mp4 ... QmedstaVDXNTACzEy6thhN86LUyZ2i99HsJHZLvUpCdhNZ
  [390/790] Adding: 13_1986169807415484417_video.mp4 ... QmUJrPsFL3nkpuuTtRJ2TnGHut69KVYvoEMQ7CqUDPpXeC
  [391/790] Adding: 13_1986180539611815938_video.mp4 ... QmW9R9PVyCui8eKBczfapZvYzogUycAWbPy2K9apjL9a18
  [392/790] Adding: 13_1986925638901788672_video.mp4 ... Qmdo1Y9RVCnR6rFWPcSmUryXeGkRcxEmcRt2pdLCbvcobH
  [393/790] Adding: 13_1986926570641235970_video.mp4 ... QmWUNfZDhcJnXCjcoUN6gBGer7FgdxQCWQTXuDHQWedfJd
  [394/790] Adding: 13_1987610806469697536_video.mp4 ... QmW9CKbuFk2zZz7abmXxDVy3xWpCMBYb4UYcy9hYq5DjfA
  [395/790] Adding: 13_1987845803218792448_video.mp4 ... QmSggv15sGKHZN2GshKL64KtDFgcik9Un8AqFzSMqgeHCt
  [396/790] Adding: 13_1988189696242184198_video.mp4 ... Qmc4rKTQXSTEp9BaUaa8cdLHRmvHAFbE1f6uNPdcFoqDx3
  [397/790] Adding: 13_1989087179822493698_video.mp4 ... QmaPt2oUsc2R1xCnepMtFxfNSSM5Pyz39KBP3mBnh3R99V
  [398/790] Adding: 13_1989465309305274368_video.mp4 ... QmTLdw1KUDTLfpGND99eChhpnDFDE72pAKZbfKdEqu9rhz
  [399/790] Adding: 13_1989931011082444800_video.mp4 ... QmYUoeoT5VWu29qdM2A2zX43wPLYjwJUUnTynTdsZpevHr
  [400/790] Adding: 13_1990166755407433728_video.mp4 ... QmRE4dhq7og4oFbRQTVqBaZBss4PSSaxZ7HQWLBe9SqGDB
  [401/790] Adding: 13_1990168681251471361_video.mp4 ... QmabcQZ4i44h1JzwTaA8XiAAAq93cqkhXF2bwsCHjKjLTZ
  [402/790] Adding: 13_1990169263647432704_video.mp4 ... QmR7uzFJPcrx5LSce2PABcZYMdJGfk32LeDoy3ZutoEjCc
  [403/790] Adding: 13_1990917386179129344_video.mp4 ... QmcZocM2yh4YgvAqRxbDoqkBujTgCuBgNamxbE5oz36rUR
  [404/790] Adding: 13_1990929129089499136_video.mp4 ... QmPxHoVgtwfqzGhNkyGouHFowbvRqMavTXGxk6Zr2PoP4a
  [405/790] Adding: 13_1990997596966694912_video.mp4 ... QmTFtYks49oPGGGViWFAwfjF9inU9vCKYqTZpmziZykrw5
  [406/790] Adding: 13_1991043852808200192_video.mp4 ... QmaB9QFLki3CQwCfr5S7U1yP3Ume2FmV46xDBeXyBjWo2e
  [407/790] Adding: 13_1991044646177550338_video.mp4 ... QmPLyKn413umKJrmKuNSMqv4a3rStVVnGHsFWvV1NFMKVm
  [408/790] Adding: 13_1991295353111629824_video.mp4 ... QmX18tRwm6RddajVNmGTJsAbr2BQY2Kdpba1o6fubCP5tM
  [409/790] Adding: 13_1991684283761864705_video.mp4 ... QmbuwpKLYekpGetYySwXh7rVcTYEuJkja99Te9L45vwEb3
  [410/790] Adding: 13_1991715859124097024_video.mp4 ... Qmcy4yundAAfrHmZor8rQa9EmDGSymDHeH7puBRYrrfPVX
  [411/790] Adding: 13_1992006576060903424_video.mp4 ... QmZND1kxq9UJJr9y5XaFjz26XvufFaCwWgsJX3otPDMfna
  [412/790] Adding: 13_1992014793289687040_video.mp4 ... Qmbw6us4YPnoHwfRZ5xHSF3tRbDF8ypbT9LFydd5Apu7iy
  [413/790] Adding: 13_1992043321234276352_video.mp4 ... QmRiB5E5A37fKR77WPsHMTwFWky155cryEowv8pSA8ksAg
  [414/790] Adding: 13_1992043321255174144_video.mp4 ... QmRFATGryKQUx7ysRMTC4YTAAs2UaBM6zvRpNbKg4DiLhH
  [415/790] Adding: 13_1992047160062541825_video.mp4 ... QmbDzhNmrtzf6Hy4WJ7zr5nsAKTHuXUFfmKH9kkTAYKE9j
  [416/790] Adding: 13_1992419383667499008_video.mp4 ... QmfFLuYB7L4tPg5WqX2riae99Nu9Pm4mcxWZBJb4MoWngX
  [417/790] Adding: 13_1992565401751027712_video.mp4 ... QmT4zYw2M4VQjt7HE5DVvWv2Gr3oFGG2JwkwHF1nUzeKFH
  [418/790] Adding: 13_1992579295949258752_video.mp4 ... QmX57EuEdR3sJUFtkWqVCE5KetzWfQ8KcpD3JRiAiitsUG
  [419/790] Adding: 13_1992722894875688960_video.mp4 ... QmURzSmywdqUfPtdsDAPB3tQUKUsfuWBsoM1dAZhb6Rh3p
  [420/790] Adding: 13_1992723358082101248_video.mp4 ... QmT13fVwqppZ5huuATd3uDQwczLm2ciMCDQmvqDPHkvwX3
  [421/790] Adding: 13_1993195153084100608_video.mp4 ... QmZCC4HuDCJSGc6phD6KCDMJ65DWTsSoM6LqL4ms7isncH
  [422/790] Adding: 13_1993226114467282944_video.mp4 ... QmfE4hgUidaQiCJtLKRTeHW3uySk9iHQzpKeiYYnMDzG3t
  [423/790] Adding: 13_1993678817228193792_video.mp4 ... QmWuZ1S1xdghKJv388yKPxQpFeUn4U3qcKonZqZkNTTJ1E
  [424/790] Adding: 13_1993953244213805056_video.mp4 ... QmPqnC6Ld3kvBqvqRoXXyQa7ptYmHhKEwBgskshuF31u2N
  [425/790] Adding: 13_1994169707616980993_video.mp4 ... QmcwswPfVvqpoyrq69oEJDFnAWZhwA9DonQJyrRN5V4ZNt
  [426/790] Adding: 13_1994256631992135680_video.mp4 ... QmRvA8v3nwQQ4jV4pLX5rdEHACvUW7AvVHbvMF2HJU5tu7
  [427/790] Adding: 13_1994362525299916800_video.mp4 ... QmahVkU483XfGvLuvZLHByTQGTeXSZqTDYuJM6Yt7EBTFZ
  [428/790] Adding: 13_1994557100299882500_video.mp4 ... QmXWMKdJ8buuRnpU24AAc98jo9LH7bjwHZu7YaC4EUFTeJ
  [429/790] Adding: 13_1994621991899598849_video.mp4 ... QmfPEY9SQjqJEy37ENP5DeKoiQqQccvGobErsGSqVCmoWv
  [430/790] Adding: 13_1994943434201993221_video.mp4 ... QmYTr1DFt7usMkRtBaTXdmDtVpL3mbtR4fbkBnfZaY6r8i
  [431/790] Adding: 13_1994946719365435394_video.mp4 ... QmYbWmVRNqR5jEh2K84sKN6GCmWdmCNUzXoQGbjhGa4vjo
  [432/790] Adding: 13_1995467474893262848_video.mp4 ... QmUKYVaKXhmfYJCZkAFSW44MvHc3Eb8L2V1qscV7wJiQer
  [433/790] Adding: 13_1995467501040472064_video.mp4 ... QmRyhvdcYwSRMUFHyh57Md8sAL2TMteqNHrVgcV5YMZhAP
  [434/790] Adding: 13_1995658735965163520_video.mp4 ... QmccMZuDZzJdy5gEEzczQizUyCnfV9kogmSr7M8Cd9ecqH
  [435/790] Adding: 13_1995658911228329985_video.mp4 ... QmPTtFY1AF6mE2JcQvAgy5caWCQ4xyL3KxxAFSLGqKU9sd
  [436/790] Adding: 13_1995974851149135872_video.mp4 ... QmPXEkzCsuaGi8jET1xJiVUjU2Fp7GFKcTt48LDhm36B5c
  [437/790] Adding: 13_1997083031614701568_video.mp4 ... QmT9vqij4RaLLaDYUip7tsgmLviHzEjch9otgsBdrR8fuL
  [438/790] Adding: 13_1997211478819217408_video.mp4 ... QmciqEeyHqkMYZM3UE2b8M8kFhU4YzqzFQSe9psEdTThwM
  [439/790] Adding: 13_1997212003702919169_video.mp4 ... QmeiPr1BQJZZUCqzDXxCQv1mREfVrL1ANXzYUNfbUdUyFK
  [440/790] Adding: 13_1997212266551468032_video.mp4 ... QmQtDQtUoRXUZ7MxkjmLGTQpjw6uFfySaBQqhcJG5r2dsb
  [441/790] Adding: 13_1997258262782357504_video.mp4 ... QmQQacqZFSig4BdfXMnfJGAxdC1fik6e7yRQrUZYV3ttqa
  [442/790] Adding: 13_1997258284475256832_video.mp4 ... QmcR67YGpGjV4sH6EehpaQQ1Gfq381kecUCpxaNoih9aN9
  [443/790] Adding: 13_1997259301308817408_video.mp4 ... QmbGvdUBWw5HqaacUsXVDCxXFtCwwp4XNfgboS5TydhVJX
  [444/790] Adding: 13_1997475959013085184_video.mp4 ... QmWAjkFNjrzZNatUunpi8RkjgvZJBH9xHrersbAaHxcZ7n
  [445/790] Adding: 13_1997883367304667136_video.mp4 ... QmRWyUB8cgTG5B9fpefJzq34oZ4DqLymKz7hZJbzofrdnW
  [446/790] Adding: 13_1997883390377512960_video.mp4 ... QmTbfKQ9zp6Y4AVWsqKVWNEg57W96mF8tnGdg4LUcayizx
  [447/790] Adding: 13_1998223775410929664_video.mp4 ... QmTnM3vRaLbKXWGFF1bxGAwG35wEWodJtecZ2gMEkn82pH
  [448/790] Adding: 13_1998499368022986752_video.mp4 ... QmXLvPLxd3J2R9Q7G8C6DxcViaDBp8oLQGLtqmvUzS7hGA
  [449/790] Adding: 13_1998502143406518272_video.mp4 ... QmSsy59vXadygxs848jK6TU21WWZWYtygfWzJbbho7cMQF
  [450/790] Adding: 13_1998504726581989376_video.mp4 ... QmNZwoTdSU4GQyRNAo1hyNvpBgupAvuwkmJH5qAdkd2wky
  [451/790] Adding: 13_1998542927191298048_video.mp4 ... QmVn85t8xxpVjZR9e1vcBCSR9hE8z5vJqGJsUwM7HSQmfJ
  [452/790] Adding: 13_1998585940084928513_video.mp4 ... QmcHQz8Pp51RiSqtdwegsYmY3wWf6YsJX7k63CZLEXe9FP
  [453/790] Adding: 13_1998629923850956804_video.mp4 ... QmNPXGuka1zPPh2QKFFr5RuW6ngpzkKewUoYytjmvxXg17
  [454/790] Adding: 13_1999229718110044160_video.mp4 ... QmWHmuRBHWVBpAjczpSVumYymRXgWM4YyWfjezzbRzc7PU
  [455/790] Adding: 13_1999229849639223296_video.mp4 ... QmVw2FyhihTXvKea8ie7PqS7uSHnMPiCLFNHpdXjJ9RPaf
  [456/790] Adding: 13_2000394455019368449_video.mp4 ... QmRcCFaL51Bxnmt383r2etuB3UoMFNhZX2ySZcrdsgAEnT
  [457/790] Adding: 13_2000605356297236491_video.mp4 ... QmVTciyWeGUdQBhY65zZbCTm1VZMFRZJtkkibYVpVnyehq
  [458/790] Adding: 13_2001057179789574144_video.mp4 ... QmbtcsTz63Zx3EmxzFebUVH2H7e4gi1sMbGdnMQRVvWUJc
  [459/790] Adding: 13_2001574820505620480_video.mp4 ... QmNZU19Wz4nFV72xSjTkcZxZyn4xQEBz3TEPnNegSAc2Gv
  [460/790] Adding: 13_2002128875002998786_video.mp4 ... QmSRP94DYdwQn2gBx7BhXwZ8sV8MbjAmRdfgZEyaW9XnpE
  [461/790] Adding: 13_2002128932087476229_video.mp4 ... QmPvCuaiYE5rcDN8EYYJm6GvpRVgpoHTMwJ46WuS8fVB9p
  [462/790] Adding: 13_2002128987397763077_video.mp4 ... QmPAZ5kKKSQYWNBCbmE8jYRFRxqpqTRhGn9NBEoRGLVF92
  [463/790] Adding: 13_2002587562477801472_video.mp4 ... QmPpRijTxzvKAzVHFojKZDUogGfS9WXEtcjyne3wsc7pZd
  [464/790] Adding: 13_2002838166592724992_video.mp4 ... Qmb8jdtW9hHZSzqym4FqT6sk1i67bwJ32A7Pq2TkQN1Jhf
  [465/790] Adding: 13_2003225796304076801_video.mp4 ... Qmah3ahid32abzQPue8KN53dQ8thNroT8vDuC98EBsHfj6
  [466/790] Adding: 13_2003282774070079488_video.mp4 ... QmVtzxynNLVQf4Pa66n7hYJF2RjBoDt6U4hj2XuD3j36Hh
  [467/790] Adding: 13_2004064235526225920_video.mp4 ... QmRm1V5Xhf2tQ9yWFFArd2Cz1ZUdswrtpvXG7fudM795f9
  [468/790] Adding: 13_2004486154817798145_video.mp4 ... QmQWpJSCN2dpash3yYhLzfFgc3RAE4SNRd38YQX4Uq3hkE
  [469/790] Adding: 13_2004779233978318855_video.mp4 ... QmdX6NSG6zgWiFwtT1jjL7fonq13NCcAsFVUTByYEHUtDU
  [470/790] Adding: 13_2005825302480707584_video.mp4 ... QmVRG9ZczpxrAGHJRcbeagkpRVbwyuKWB55Nk41bw8FF4N
  [471/790] Adding: 13_2005885231849693184_video.mp4 ... QmQe8UBEGrvdj7zQfJhwUc2FwkEEY4zp8dUNP6KwbuDQeg
  [472/790] Adding: 13_2006312124747026432_video.mp4 ... QmQ4pMLXMTHy4yHX3jhYPHjRPmNrayDw32vBL5VuK9qJYr
  [473/790] Adding: 13_2006312124751163392_video.mp4 ... QmWscmV9GYhL1NnXaS7BXEm59DUncUzSCNauHvkfDp7yJS
  [474/790] Adding: 13_2006312428892786688_video.mp4 ... QmP85RQXZGzqTUrH38QdcwYCJ1Cw39Mu9qkgybazzA7EzG
  [475/790] Adding: 13_2006484741005127683_video.mp4 ... QmNjjejo85eHZX8R5iUjMeLvSED9F74MRm5SZq25sZTPAJ
  [476/790] Adding: 13_2006502846406209540_video.mp4 ... QmXdCADuZFodfNSBC7FcA6vY2i2rv32yze5sZmQ7HgmvKn
  [477/790] Adding: 13_2006544917359923200_video.mp4 ... QmPi6U3EYDjUyXzkAFCV5WrrEA63cPdWRqmpadFDBebx5S
  [478/790] Adding: 13_2007699282548404229_video.mp4 ... QmUHnsrsMaD428RLA71PZt3mKSxMikKwF2rEsQsa1iRwBZ
  [479/790] Adding: 13_2007747945261940736_video.mp4 ... QmaRKm6HZ2omyp1LQafLDAgqcBGvgGtDGL24n5tZY22iwm
  [480/790] Adding: 13_2007971058230644737_video.mp4 ... QmWAPL38S9jC3JW5FeSKR5q14pPmqfCT2u2mPRRW7RFh4M
  [481/790] Adding: 13_2007980566105460736_video.mp4 ... Qmcdq3esmU982uemesBe1kLfmJvJ6WSRFc8qKmJwTmT6Yq
  [482/790] Adding: 13_2008289939608444928_video.mp4 ... QmUsDgyyXQbvx33RiK3ki3X3FFaHQPc4ix1L5vHF68FQJo
  [483/790] Adding: 13_2008291373678825472_video.mp4 ... QmPBPsCJG9HLkDPajTAqTDxkrDZZNx12SbeEeZzAjXF5aM
  [484/790] Adding: 13_2008649354857549824_video.mp4 ... QmSzm3wBvrhbGk16gbhs8pita6ysMzZVFphtQMXEBqpZbK
  [485/790] Adding: 13_2009736598255226880_video.mp4 ... QmSsSZpwBY9hJcojYxaxV85XRJsH9xHPG3hHH4eots7WJW
  [486/790] Adding: 13_2010492913118298112_video.mp4 ... QmQc86un9ofWgBtWQfeNf2BR2qVkLj7CnWH9n1tiNMNGuV
  [487/790] Adding: 13_2010494303974662144_video.mp4 ... QmSm1L1vebZSHbMDvZsk2x1M3BAEZz8Hx2qz3crkHqRf1b
  [488/790] Adding: 13_2010507746630914048_video.mp4 ... QmeLr1WQLNpYPTG18QU8VeHTd974shKHJDetHjvsPoB8mb
  [489/790] Adding: 13_2010653338162061313_video.mp4 ... QmRWsnpjFFa6VicASpLxmWTo1c7Kdnqwt4iHgxrEVguN7G
  [490/790] Adding: 13_2010848838396043264_video.mp4 ... QmWCBayH1h2CoiuoJRyPx6TawBXTV645PYLRz5PMXCXecN
  [491/790] Adding: 13_2010855161602981890_video.mp4 ... QmUMmfhBGjyMmXb5ofn2ePmSj9UzbbuYmd7HUmTThhGwqm
  [492/790] Adding: 13_2010855197346820098_video.mp4 ... QmWgsDLR6ar4Qgr4uY746c4e9Js89C62MbsTHo3dMwPFDy
  [493/790] Adding: 13_2011054752860422147_video.mp4 ... QmZihd5zZRmAwg6sc9pSqofpjG3yfgJa7kfyDpRS6WGD9R
  [494/790] Adding: 13_2011341558927462400_video.mp4 ... QmV2trXd2u3vm3kKKqvzjwY7RZwL4GdTfMZSshUspjT1Wy
  [495/790] Adding: 13_2011910529686876160_video.mp4 ... QmfMvnv7bFwxfdEfgWbQTMk2DLRHVLyoNv19q3jtwVgYvU
  [496/790] Adding: 13_2012447728333381632_video.mp4 ... QmTJLZHhASGQ88DhFAcTqSVnb955bkgDGPmeyRPHiSMZjd
  [497/790] Adding: 13_2012643728305905665_video.mp4 ... QmSCgZU7pJeU7oaEut32YEZY8huMVjfgtEpshwRJcw3831
  [498/790] Adding: 13_2012993687685390337_video.mp4 ... QmPaHasVHoquvnBTc33yTZBWgk3oxhzWJ9YVsipSFghSXk
  [499/790] Adding: 13_2013078137089740800_video.mp4 ... QmeAYa93H3Gp4gGUMq9wo1zpBCVg7v7Bb9VZCmmLPdiZae
  [500/790] Adding: 13_2013192605786386432_video.mp4 ... QmTmCFiH4bFvNT1xPfRHvuXLCmrVRmpP3dZ3ARraCNUhiD
  [501/790] Adding: 13_2013344453327495168_video.mp4 ... QmWSU7j7RYRtXC1WAMB9TqQRt9UzrRanwfCfmGWEkh7ggn
  [502/790] Adding: 13_2013345040328691712_video.mp4 ... QmTzdGLzt8nrKNw9EoL1MEzp2XkFs7w77rB7WqS5iCBn1E
  [503/790] Adding: 13_2013471192431112192_video.mp4 ... QmUfDHQEjpHcnaw1PRe7mGXAkVEr5LgZeXM1v3HNorSVay
  [504/790] Adding: 13_2013536672592326656_video.mp4 ... QmQWRUWEBrXdduisUCSYRGk51cGVLoBXeSYLoQw8pmTYbm
  [505/790] Adding: 13_2013539618147241984_video.mp4 ... QmTqxLixgJydZqm8UxEYSBNnjgA7mxWrSiat9jvtc9Rg7G
  [506/790] Adding: 13_2013721118897508352_video.mp4 ... QmTHceZVv8dop4gyd4dQXEiVrKYE8WaMqAw6z2tkZ1daNJ
  [507/790] Adding: 13_2013723251055407104_video.mp4 ... QmREbFP3n87fcpJip6GqFqhSSMB64o52qZdjaPvmPsadm5
  [508/790] Adding: 13_2013727669431738370_video.mp4 ... QmYNBj5BEhtamqhHrrwakBiaFV7gbWsperzYeA1EuHCBog
  [509/790] Adding: 13_2013829723600887809_video.mp4 ... QmUMXVgGGLPNJCDPamxxYfKVSEekqK7a9X6LgrfNbQe4Zm
  [510/790] Adding: 13_2014075285935890433_video.mp4 ... QmRdvTDyDKZkhaYGMwCfWhenJwMJPVJJCjTQUf36pYz9au
  [511/790] Adding: 13_2014078193758777344_video.mp4 ... QmUq8w4F49Bx9CjoWd21LnGA7k3JGgjfaS49GTGX2QTMLb
  [512/790] Adding: 13_2014201279539773440_video.mp4 ... QmYBgMYEdnkDqm94T6GU7ivS2cXC9UsPwHDdhiqzxH1Vnp
  [513/790] Adding: 13_2014201513506181120_video.mp4 ... QmT2ntCActPo1FGEoS5h49bTWcZCztgwsZSwDdWPAi17jB
  [514/790] Adding: 13_2014594201829220352_video.mp4 ... Qma63StJgDdKD7baGF4DvrJdrYLbA5xDULriuAzw5DzWMD
  [515/790] Adding: 13_2014598205225463808_video.mp4 ... QmY3m1wvTRdsnXjytx7zJzGURCgGC9oUYQNhzxxfYeoUMr
  [516/790] Adding: 13_2014598785461284864_video.mp4 ... QmezBtmCZCUVdS8xREvgp89jZrdjPbjJFoMXUkgujXz2gY
  [517/790] Adding: 13_2014806920683487232_video.mp4 ... QmauGuedwrPB8L8HXvJeRzGokqGQHRHhiFgugJzazULUdx
  [518/790] Adding: 13_2014966308069376003_video.mp4 ... QmV1WEtXDTZDhrf9XRQDYhRANAcm9ErUtPpS2anmRgK7r3
  [519/790] Adding: 13_2014969598613856256_video.mp4 ... QmUjDvyH8BE2hagZtvHXLx3ACfaHgT7ZaHiGg6aeHxyUBL
  [520/790] Adding: 13_2014994659647590400_video.mp4 ... QmctqaPpwDWVXekT2tY8PySfgEhK9qAWNWY81Wboqf6hTo
  [521/790] Adding: 13_2014995745141895168_video.mp4 ... Qmc23ztVf7xqUTqmdYDByVXWZZfnwCqKFqGgHiHdxsj5f9
  [522/790] Adding: 13_2015153464507277312_video.mp4 ... QmXiuncQLbgA24DK4r598risYojxXT3EG7RnFmdV7QdXwu
  [523/790] Adding: 13_2015205928992169984_video.mp4 ... Qmex3BcwUqdXN4nkAuG8Ck79FEQLoCy2hQHKyH8h3tT5w9
  [524/790] Adding: 13_2015207878161059840_video.mp4 ... QmXVp5bvPHviQLUtuexRqqZRuDi7sTQSqsN4s4MwK6zw3K
  [525/790] Adding: 13_2015212128488325120_video.mp4 ... QmZsduApSFUrw2wYRPTnwex5LiLQA7GvNoMqCouaZrp6xP
  [526/790] Adding: 13_2015529702174478336_video.mp4 ... QmW4iYRnP6AEhMzkTSVyKK8GzThebgai66UWyuKSTnc3oy
  [527/790] Adding: 13_2015686602870378496_video.mp4 ... QmY3WmM7inV8wABWd7YSHpvW8rYAtZjJo9CyNy7bAYhmkR
  [528/790] Adding: 13_2015732981915410432_video.mp4 ... QmWiWb2ncAJCFu2vSKKvTHdyJipV1qCyo4cBbKoLATW4sx
  [529/790] Adding: 13_2016044005918691328_video.mp4 ... QmXGZGrXVoJ18cRNxFtPvjiZgYhgcCjMoQrDTX6UZHPYF1
  [530/790] Adding: 13_2016048562987991040_video.mp4 ... QmepjYasy7cV9WVw4zRcmrsjU8Y5Fmm7dGYUnNxKtYS2JN
  [531/790] Adding: 13_2016049249029652482_video.mp4 ... QmYcuZnAcdi7SjMpJ8DdyAf9EXH9F7XeBqmXkLAVtWQMtH
  [532/790] Adding: 13_2016052283222454272_video.mp4 ... QmfQDVcDKnWn8wEXGowxChXEiSxLbqJbucPSwQLaC86oqV
  [533/790] Adding: 13_2017019623804456962_video.mp4 ... QmZamJhBnz39ckEoBEjoSEz13Uu53s5F3hT44aaZytNoqJ
  [534/790] Adding: 13_2017404209285763074_video.mp4 ... QmP9cEZvrxfwRaZmM2WqthMc3SrSjRF9gZ7u1qnpk8aU6g
  [535/790] Adding: 13_2017407455903551488_video.mp4 ... QmR6NhwBCZ3ZrozUusdyUHQb2ZqHe9y82kEt3sTVnuaSpi
  [536/790] Adding: 13_2017453559894384640_video.mp4 ... QmTpCbTbSrTk9vMVydy4g2tsQcevrHVqwRWATXTUzXeeHV
  [537/790] Adding: 13_2017808816407252992_video.mp4 ... Qmd5DApRoQoBikSU781BKyd7feVf7AJm2FsDExgwLqQkmb
  [538/790] Adding: 13_2017866917693034499_video.mp4 ... Qme4Vc6nSAyAnbJMHasvtKT5ogqDKbsFEZsX5mhJgkMpGu
  [539/790] Adding: 13_2017872609355116544_video.mp4 ... QmdhnhRuGxG8Nu1NY6p93u3docXnigcZN3MVquTB5eTkDh
  [540/790] Adding: 13_2017880327830872064_video.mp4 ... Qmctpnw4X9nhinanefcpxhBCLp7wnmW49PaRV7gZShbPiu
  [541/790] Adding: 13_2018428495270207488_video.mp4 ... QmdXcFxo94yuGSWSEt93abNTE6wvt1jHYfNhusjEsgjmn4
  [542/790] Adding: 13_2018562767792533504_video.mp4 ... QmfPkToMaeEpZCBFEz7ijLBmRSJfyA8hgKRMVDshpEyQH7
  [543/790] Adding: 13_2018894777127936000_video.mp4 ... QmarQPjkzHCNVpSqLA5v9UVRAB3C2gFitdKreR39KVq6Sm
  [544/790] Adding: 13_2018897166006403072_video.mp4 ... QmNPb7SEdW5WpNjRDBUG8iwYz9M2FgBBzKQwmvWyvhfmGT
  [545/790] Adding: 13_2018897183253348352_video.mp4 ... QmXs5pubfmFH2h7HbdN2LAGsx4SFHZnKieiAK92weQUyBK
  [546/790] Adding: 13_2019000398586277888_video.mp4 ... QmWeDf5nzZqpnPEnYmvQtiyHSPMaqvpdQU4WbLN12U3UtC
  [547/790] Adding: 13_2019001060967456768_video_2.mp4 ... Qma9zp7TZzaLqLKpRtGT5ZwQLPExT1F9RijpVuxBFZqVXn
  [548/790] Adding: 13_2019001060967456768_video.mp4 ... Qma9zp7TZzaLqLKpRtGT5ZwQLPExT1F9RijpVuxBFZqVXn
  [549/790] Adding: 13_2019229679966908419_video.mp4 ... Qmed2E2SPfLaqD76T4FtrcwcVMVdNHuuX3hPRPuoWm7Gh4
  [550/790] Adding: 13_2019231432443645952_video.mp4 ... QmawbsKZFW4vbQzQjcMRRKvszvtdkmUaBRkQxz5tTx2SsE
  [551/790] Adding: 13_2019231456686665732_video.mp4 ... QmPz3WZrUd1AVK25EHd2nUGCETGimMTEWPcLSqMADeYPLc
  [552/790] Adding: 13_2019231482276126720_video.mp4 ... QmRMSA5VtovEaawibEWDcKfRL72ftgRAHCP3ckKmANpUhH
  [553/790] Adding: 13_2019232998710038528_video.mp4 ... QmQ4MfK15HwhoPDTw4XXYc5mdCibisw1oc1VxtvLMY3Rvp
  [554/790] Adding: 13_2019233817635221507_video.mp4 ... QmXFZFUtGiKDengCGe3PBia63wXT23xCysxy39e6zQZYwX
  [555/790] Adding: 13_2019519753002577921_video.mp4 ... QmaD8rZR6vzsB1BQ5kscHuNEHuBgJudjSEjjngwsvQZbqL
  [556/790] Adding: 13_2019671951124623369_video.mp4 ... QmcUVAznKnenE2f5DG3kgnixWB9QkW5WTF5EcskMAUi9Mu
  [557/790] Adding: 13_2019671973832585216_video.mp4 ... QmanhZhXNsuPmx3DBkwCkNisspD4xa3zscERPf3VoMqp9P
  [558/790] Adding: 13_2019671996133769217_video.mp4 ... QmaXsEBhcnwYqFSWFMyUELXJdjMhYCmSifb8fmrWqYF7sH
  [559/790] Adding: 13_2020094356288647169_video.mp4 ... QmWonmc3k53DQqNYQHUwN4SgRFUQUj9tYmqfJwZg3hnjwh
  [560/790] Adding: 13_2020784923054112768_video.mp4 ... QmQU8R1tQgWTqaRjLVazWg85SnJ8nSGfyHyBNHqcSByMbE
  [561/790] Adding: 13_2021068329654661120_video.mp4 ... QmVAD7wfB1u316VMYbWpBQzuYxnZXjYrVz3LHDJTqqQ1H1
  [562/790] Adding: 13_2021436405822652417_video.mp4 ... QmR7MrceFrLjn42wiHsWweH9aJAnVehZgTFjvwe5pUjRq7
  [563/790] Adding: 13_2021498583900676097_video.mp4 ... QmQUXWpZoGxvz8zX2Wo6dv4P5ehbWEYfLsQervBDwEaaMC
  [564/790] Adding: 13_2021977402373742592_video.mp4 ... QmafmfTwNvopZmVcPAxAy3jsvYHnDisfPnXRVvp227doEP
  [565/790] Adding: 13_2021981029536600064_video.mp4 ... QmPsabg3chMgfFLdmg8PWs2uRU2yhEC31y43KDRbGZPEvf
  [566/790] Adding: 13_2023166965284847616_video.mp4 ... QmaXgMAQ1dfzsKUrQ6Rj6VHVVHBuaBPt5h3sgo514X94z3
  [567/790] Adding: 13_2023855089455435776_video.mp4 ... QmbW3vqVvyxhLCPUqSsbtiYq4jMW7bFPbZiexV4rmdWBZi
  [568/790] Adding: 13_2024590881463160834_video.mp4 ... QmR96dNNHkk46c7gc36HVJD6UBnYAiwYzVwXrVgzaigP2A
  [569/790] Adding: 13_2024610343155298304_video.mp4 ... QmeVnL1sjquHZqgW5MXjeWRYHb5pASPjkssG16sjKZCZMJ
  [570/790] Adding: 13_2025112043427364864_video.mp4 ... QmdWey8Q5VYX9ULfp83vSv4n5d8U4qJgXr6HVGV2armAJG
  [571/790] Adding: 13_2025485332884717568_video.mp4 ... QmQbpW4TyQx4UpHvoBXth85CCZufwWxgr3n2Z9HUVYzHQM
  [572/790] Adding: 13_2025611185199181824_video.mp4 ... QmbzAAJtECPupdazuA7poYR5b74jo7uRyULmeDTgSsEaAu
  [573/790] Adding: 13_2025614982566813696_video.mp4 ... QmeygPoURxAiDjohYyK8AhQeyYAjEFDJtHeK5B8M6Uuovo
  [574/790] Adding: 13_2025743058646769664_video.mp4 ... QmY3jLhG4CpRLy2TCtg86a8DS5CkkLMn7GkWo4dCeEdLvr
  [575/790] Adding: 13_2025744138713640960_video.mp4 ... QmWWeGZcPC44AgUFsWiw8h267eXXvz5RvSnvuDiG6av76v
  [576/790] Adding: 13_2026054442270052352_video.mp4 ... QmPDdipYt3efMca3pGofrixLwc7kVkwFgXztM89sVmnqDf
  [577/790] Adding: 13_2026555003578814464_video.mp4 ... QmR869YoRhYMhKS2DAXcYfKDP8z54PwzMPipoASG3JfNQP
  [578/790] Adding: 13_2026581391107084288_video.mp4 ... QmNUMT8UqfwQWgz37RvKQvgXCtxGkRfQUc2ww24gU86RzV
  [579/790] Adding: 13_2026681250820534276_video.mp4 ... Qmf8CjLcPH3N5xKdSwWqbPnM6GYkSZi2UhdeUQD2w6StaU
  [580/790] Adding: 13_2026829773914386434_video.mp4 ... QmTPrmbuEPry8gazHZ6Z5BuKQuHPrB8G7D6j1AERvH7G8F
  [581/790] Adding: 13_2026829790314160128_video.mp4 ... QmasvFYwFSRPEeT1oUvyKsu1S6DQ2zATVjDuni1MsZ2o7T
  [582/790] Adding: 13_2026878654253510657_video.mp4 ... QmckAXmNQZCHjwsMbnE1wg6eoF5nR1qbCFUqsw7q52Prmh
  [583/790] Adding: 13_2027528158095036416_video.mp4 ... QmcBGu2CpG3EUUuiVa9dLTLikWaaws74askJUy4JCjLyCm
  [584/790] Adding: 13_2027624017113526272_video.mp4 ... QmPTi7kEZDGUjVvUJn4Wyphgqr5LfpYkuvC9DuSsJNcHDS
  [585/790] Adding: 13_2027624299641888768_video.mp4 ... QmVgnq5bpUgcF8tsjDjUwsGZHLxeNfVa8CLPbVagzedRhJ
  [586/790] Adding: 13_2027778691519156227_video.mp4 ... QmX4nr56BZRJsKGZHVDcKn4ufzvRd7TdpTvfz7Xqj6Lfxz
  [587/790] Adding: 13_2027778733151748096_video.mp4 ... QmTLKPRLac1eHi24oYWTR4nDFmKgmpZ3SyWZFYGWbn9CYH
  [588/790] Adding: 13_2027991067006849024_video.mp4 ... QmcX47iDsDfz5Dv2TG8FezqkM4gBR6rwoMnSevhj93sREa
  [589/790] Adding: 13_2027991446322814976_video.mp4 ... QmPWv2JKJRNMaKyC19RXVnM1RGSRng5FsgvNB9fPmrn9UC
  [590/790] Adding: 13_2027992657595928581_video.mp4 ... QmNvRNKmSMh4CosywjaQva9AdYThXJAhJAKmrQVZNyXpsn
  [591/790] Adding: 13_2028248163539378176_video.mp4 ... QmSqR3o1YMcYjjzQj6fNADneduQ4CGubQgAxwNWHPiSTNz
  [592/790] Adding: 13_2028379764327956480_video.mp4 ... QmVLGRAc3mrUcytBjAwnbzWNwg53ZW9VMubyjnZ8EoFMDV
  [593/790] Adding: 13_2028379834754461696_video.mp4 ... QmXcrc6E61eH2QaRfVxmbEfaEQATZDGt87Y3WdL6QsyAJG
  [594/790] Adding: 13_2028588573575069696_video.mp4 ... QmXauNfaYJMUaJoj4FmMCHTrqtNwJRf5znQ7MxTngTSTR8
  [595/790] Adding: 13_2028696061452439552_video.mp4 ... Qmc2kPAvKtAPMm6q7T7tMzPjUR8nBZUxGSEnwaEJyy8LPt
  [596/790] Adding: 13_2028696138199785472_video.mp4 ... QmU4W2W5guEW6A3w13XdZQ29VFd2aiAJbuxtQdQCd9dTL4
  [597/790] Adding: 13_2028704773655207938_video.mp4 ... QmTsAj8MVTDRQitxiSsyLu38isTtGi883atZ3rZ19Bw3ke
  [598/790] Adding: 13_2028704801593393152_video.mp4 ... Qmdv6uEPtkJagqndLPnTxm8p4yHBCbQb5e2QmvjchEUCgc
  [599/790] Adding: 13_2028704962222628864_video.mp4 ... QmXr9kXYaaFteNAi1Xx17F3wNEfxW7YhLcgc1vd2FwQEba
  [600/790] Adding: 13_2028781427270295552_video.mp4 ... QmTREEBbgGAmGQeLsV1HtQCvVaRWBe6nz6W3UEzBpfRwv2
  [601/790] Adding: 13_2028781446324973568_video.mp4 ... QmPfPn69xSRqpvdyg5vE9v7SSad9hJ4sopA8BEWTfHws1p
  [602/790] Adding: 13_2028781485168455680_video.mp4 ... QmbQSz6PgeiqSeUh5E6LjG1UcvHSS77UJjwHTVe2HQiYc2
  [603/790] Adding: 13_2028932949316698112_video.mp4 ... QmYzu5grbL5L8Wqvwz9UmqMR8cPgSzNvpg4dg6xrnvdgKF
  [604/790] Adding: 13_2028932973471703040_video.mp4 ... QmTtu5Pv2gMqC1FFbCc9D4sH9HgCUUy7Y96wu7o6RemvJr
  [605/790] Adding: 13_2029029446406291461_video.mp4 ... QmfMqdnUfdfqN2TwvJ3qHEZL7Cf4ehJVwnWcCvbtbyQvqV
  [606/790] Adding: 13_2029087162831187968_video.mp4 ... QmNqiBusM3H4DSToXbUSUE6W2LUNhCdRfCtjPGGJmAuG5C
  [607/790] Adding: 13_2029320640671694850_video.mp4 ... QmRFnNohoZmMGKaZV8PCErEDoQDZpQ8rKRo75DTRxiwcMw
  [608/790] Adding: 13_2029437316595630080_video.mp4 ... QmZAbCJJrqpCfJCNWsH3gjjvS3dzzguQsEdz2ZiubtDKA7
  [609/790] Adding: 13_2029664361636368384_video.mp4 ... QmYWAEdxLNhAtdSvKd6wZ8Df7hJrUasNMsNXwha7yDPzLg
  [610/790] Adding: 13_2029664639320215553_video.mp4 ... QmYpra5yGEwMZoApLZo8wMyhbjwGt21iM7q92dKViPbNtz
  [611/790] Adding: 13_2029740807876698113_video.mp4 ... QmYEvtNJyTxwXbeHR71doocbx9BfVZTxMeTzkt9JUJoAUk
  [612/790] Adding: 13_2029763068285370368_video.mp4 ... QmZuCZkEjqVZWiyfHH2G1iu7L8KGLGZd7B97nn1nNGQSyh
  [613/790] Adding: 13_2029763118684090368_video.mp4 ... QmdmLz22bqxDkrPxoxCTxoCbxK7hx4PszAe9KDrnA6UuiS
  [614/790] Adding: 13_2029812572946681856_video.mp4 ... QmbSZaBAAx8sMJeSFDcm8wC8S5inxhEznn1Zfi3D49MXKv
  [615/790] Adding: 13_2029821354506403841_video.mp4 ... QmQQ6NNVD14xQAA3CFAccRtVjLRTfRZstU847CAVMZbuqE
  [616/790] Adding: 13_2029821524488900610_video.mp4 ... QmXsroXghwZxEtzsPRNZyidnH4u6CordQBt1mFTWqbFqDK
  [617/790] Adding: 13_2030107101071298568_video.mp4 ... QmUfQPdFrZZUMMaQj66YrC1tpDi84EbbhD1qk7BmPxNbmr
  [618/790] Adding: 13_2030159370751987712_video.mp4 ... QmXidvDzeNHHxjjkGtcQoEVm63FQNCd2oAb2sVWSGjgrf7
  [619/790] Adding: 13_2030170972549173252_video.mp4 ... QmctgmK3EwwXmTpEyaeS8Xn8a8UdJs9yMGiNsven5ZzXnU
  [620/790] Adding: 13_2030173041544855552_video.mp4 ... QmSFVG48BNpPsGiNcXqRkHiJm3zBrEdEBqqh7RQDeBKJDJ
  [621/790] Adding: 13_2030408677577175040_video.mp4 ... Qmc8xffUjXy7mftQsStNHv3bfBEiZNqznXw3H4Mqu7aRYM
  [622/790] Adding: 13_2030799429821960193_video.mp4 ... QmZmoPnFTM7wFmF11yovLRxXbny1STHjwkeEnDobmGvRH6
  [623/790] Adding: 13_2030865352004136960_video.mp4 ... QmXGKgXmT1bCDT4uUytPpT9vLFvK9Kv62XoS8BKur1EZXp
  [624/790] Adding: 13_2030865413119385600_video.mp4 ... QmYzVmXWUmAwKh4sJDsjmzcqeNnbZALWtFBk5N4p2QbTQ2
  [625/790] Adding: 13_2030865536792641536_video.mp4 ... QmYeTKHvtJn8DbDjr4AgDG8W8hmkTyZsw58Bt7YSBAYbzM
  [626/790] Adding: 13_2030865610184507392_video.mp4 ... QmVxTPvHCRhPtFNSo4yAd2JfbnFXvKUuZrtW8kB4av7XWf
  [627/790] Adding: 13_2030898526126006272_video.mp4 ... QmfWQbzWKNsAirSL2fFVvKgdf1jtGMyBcFqrvypxFUiKms
  [628/790] Adding: 13_2031136966662889472_video.mp4 ... QmRYJUbn2fE2PtwnhsbvEi2PguQKsMmQVP6TWqHMhtb1Hd
  [629/790] Adding: 13_2031137013622255616_video.mp4 ... QmTt9y9jEt58GdEE4nrkKfMxzFzeQqZdmuwMDqqSRpxKkW
  [630/790] Adding: 13_2031308121088606208_video.mp4 ... Qma3MpXzn3i6cyz6A8wW9o7ndcuGUaA1wQ8rQDCQcZCcxw
  [631/790] Adding: 13_2031312653709361152_video.mp4 ... QmQJxdDj3s62nMpeBcSvYswo2ZUv1vk393WFGek6nrXSkG
  [632/790] Adding: 13_2031498634840465408_video.mp4 ... QmW6pncBAp9GZKMnakV9gfXFpjA2xVdN8h92eaRFgVjacp
  [633/790] Adding: 13_2032045546916233228_video.mp4 ... QmRx6HzsSDFZw8yGhZXH7bQ3hXiJ3PhAovwViyyG5FdKDV
  [634/790] Adding: 13_2032260628157714433_video.mp4 ... QmTk3pxSt43tq2cvmNeNwqpE6517Qmy63fSUF9H3q1nAKR
  [635/790] Adding: 13_2032260652430213120_video.mp4 ... QmPm2uspH4VQBq5sTeGdzKb4Ph8KdpakLUPtAEXwC87e7h
  [636/790] Adding: 13_2032260671187140608_video.mp4 ... QmNUWAvALfWxXxuKewHwPhwhch45Vx579Zx4cpighVWkG6
  [637/790] Adding: 13_2032563634044641280_video.mp4 ... Qmb4bK5BC2r4Vk7zUZtP3h4sXEKQGyjqnATheSwsLQcU43
  [638/790] Adding: 13_2032954795250823171_video.mp4 ... Qmd5FrLCqCwTF742sHer7JgzTk3jrmw87hLwwCBo2jYJzx
  [639/790] Adding: 13_2032999126695284736_video.mp4 ... QmV8ZEBf3daPmvdqQ55SKBvE8wxJV2HwNep5JTsgQzpMya
  [640/790] Adding: 13_2033054723696406528_video.mp4 ... Qmd7gY7bcssGGxs8YiXtKCfb9o5tAirES68AAivkBhUENN
  [641/790] Adding: 13_2033117504953036800_video.mp4 ... QmczGYuJU6nJJQVZwTHNXWPRAJZbjb3esApCGTPEchz5tJ
  [642/790] Adding: 13_2033117562503086081_video.mp4 ... QmPWHnSDNcEnEFHvhNcLTNdMqtsaqVW8NuUAKBrwvqMeuC
  [643/790] Adding: 13_2033809814065975296_video.mp4 ... QmQTSG7rMm4o5qfmvumrcciYyyE6tGf6WMtrqeebsFqxvW
  [644/790] Adding: 13_2033809864720584704_video.mp4 ... QmefCSJPCF18cGWSBWeaCvs6DLQdpkeTSocg5HjtKqP5dK
  [645/790] Adding: 13_2033959410251485184_video.mp4 ... QmcaqXXiQEix8sSXTmgdwSbUzbJMNxs4rbrUDkzX8suWG8
  [646/790] Adding: 13_2034130801634562048_video.mp4 ... QmYx7Sq7cY7N1Dgjd2T4GeE8WPsoB3ZvtYsWDJGdi2Dhsj
  [647/790] Adding: 13_2034130843795623937_video.mp4 ... QmYoLTDajt2ETEEGNJMvRs6ReJsuYmJHgiGtAQStcuvCtU
  [648/790] Adding: 13_2034130862175084544_video.mp4 ... QmfQcsnSDqxcqeiqAEwJqGB3N1QtNCh5x6os17rwXaBX6c
  [649/790] Adding: 13_2034171356779364352_video.mp4 ... QmPYjRfU5nsVnBRaF3qZZdBJnDFoKJQf2NyzzcPRjtGH8j
  [650/790] Adding: 13_2034442671448821760_video.mp4 ... Qmd6EUGK8MgR8LJxMff2mqFiAYhnsMvxPUNjPTiAxiZVdc
  [651/790] Adding: 13_2034442756681334784_video.mp4 ... QmRMgwNtRFq74KoQG21iGhsEAp4ocPSdNKdcPqjtRddW9n
  [652/790] Adding: 13_2034443730158268416_video.mp4 ... QmaAuJPtRMU6PDePggvVZcHm9phYbBsPLfVfqaL15raJ8n
  [653/790] Adding: 13_2034443766111911936_video.mp4 ... Qme9AFPmCHted76aj4bmk1RHx1f3SfkPACoyEWPerDEZ7e
  [654/790] Adding: 13_2034570014905491456_video.mp4 ... QmQBATCtDJz2jLSKdLY7hntJGbKd9op8fakAybH97XoYh9
  [655/790] Adding: 13_2034570113362579456_video.mp4 ... QmXamQg16QyUM9ZATEizCyChyofjnZPuH3p5AEy8garVNV
  [656/790] Adding: 13_2034752926321975296_video.mp4 ... QmU4R7h8gM3GEPP2uhc2Rftn2RKbtKZgNa2X7q5MVY1dvo
  [657/790] Adding: 13_2034753689555279872_video.mp4 ... QmdTNx3XpSFtq4sf4RncSgh5KfgVy1MPwq4bzXKaM2bvEg
  [658/790] Adding: 13_2034801198885416960_video.mp4 ... QmYaUqFQR6ZSBYqSemMJNCkJGzr7AYmB6WcZD9D1s4sYUr
  [659/790] Adding: 13_2035249909075771392_video.mp4 ... QmWWaE8EMmb4JPLDRt9Szv5JR3BZEBtVdjYpQ3ch6TUgNU
  [660/790] Adding: 13_2035956053960237056_video.mp4 ... QmagfX4pGf6EBqaubMSe4PGhPxDQzgGUdwj76ehfavPSme
  [661/790] Adding: 13_2036192068780048384_video.mp4 ... QmX8c1QyHFeXuF4M32zZdA8ayabU7kBy5rophbzs4egDH5
  [662/790] Adding: 13_2036192231409983488_video.mp4 ... QmekEge8DrobwTxTNC82UjebEFPK6pAXZ2LRJMSpHpSAJH
  [663/790] Adding: 13_2036201790031773696_video.mp4 ... Qmdz7eW6Zij37jEvQYkWM9EKZx1aoXf9xnf56mSNvsxSBh
  [664/790] Adding: 13_2036202214574940160_video.mp4 ... QmSCrigzGpgn6L8hrJJx8XiPA8HLvJfSSinDLbUeLhvSGS
  [665/790] Adding: 13_2036250409845792773_video.mp4 ... QmUZoNZE5ihXnKbBhA5HgNvTwaNL4VZEyX1VMXVoAhunfU
  [666/790] Adding: 13_2036359847227301888_video.mp4 ... QmZvJ7fkNmwzLaQnmCvqkW49ujcdBNaBBn4RgvwPsH8fRr
  [667/790] Adding: 13_2036360741004214272_video.mp4 ... QmXxsc3HyrPen1egfbaaxHWz6ZpYjREZLKiCeY3XY5NTb5
  [668/790] Adding: 13_2036361123910565888_video.mp4 ... QmeFH9PcqeJ2qhL4Rq8FyhktYmu7rV8cPX78VShsccveyu
  [669/790] Adding: 13_2036544485929443328_video.mp4 ... QmQioEBWHMWLTkPNfng5pKMuYxVN83R7UdiLxaXzDzvnun
  [670/790] Adding: 13_2036554201824952320_video.mp4 ... QmQywr3aYRAdEijHgLauoeGDhayv5aYLQGgyQhPP47Ffkt
  [671/790] Adding: 13_2037284476489969664_video.mp4 ... Qmdv1p64r2NCAKG9oYNbXu5Ezd3hRBsghaxXjCCvJQiNCS
  [672/790] Adding: 13_2037339142120673280_video.mp4 ... QmefbAyhWRs4Dn6V6hL6rUsoa3npybdzN7hGscHytoGaNn
  [673/790] Adding: 13_2037386232158904320_video.mp4 ... QmRxcr5xHoDDHEK2rvsgWr4YZYbXq1P1CQpsHvnm3YwLam
  [674/790] Adding: 13_2038063296780324864_video.mp4 ... QmWopriveeXQeTPjBPqFJJp9Hr4kDEj8aHbHcqWhpYTq2R
  [675/790] Adding: 13_2038909613236744192_video.mp4 ... QmRGdNoR6E7cbJJUZ12i2ukimzkPQbEatesAVDzJdWJgBX
  [676/790] Adding: 13_2038909635663654913_video.mp4 ... Qmd6hc4QrpsiQd5bemd9E6hLwm5AqEaBcMPmi7aRvFvXQ7
  [677/790] Adding: 13_2039098988482420736_video.mp4 ... QmSQRmmSsWKwE9ZAtCbJhFx2iW226kPNARsyQCZCvH5Ysz
  [678/790] Adding: 13_2039099804341706752_video.mp4 ... QmQuBGfxq6dgrneotAkP6nQzr6tJnDryJW4FFxPMieWUXN
  [679/790] Adding: 13_2039172561586790401_video.mp4 ... QmNPsqLRwq2K2pmfyua1uqWznkpUCNiFGPAPazAP2MyaMx
  [680/790] Adding: 13_2039172623821881344_video.mp4 ... QmRNTAFXjiEvk1tw3kiVtFdFnT2PLeWjw8LgEJZCUhzvb4
  [681/790] Adding: 13_2039172643157614592_video.mp4 ... QmaYxSiMb6FbLQZhbD6w7tjeBjo1KS36SuG7WRtJQTcCb6
  [682/790] Adding: 13_2039489617280507904_video.mp4 ... QmajWzbYMs8hGrmYVAzxya9W9CgoTwcJW1HFmDTfcPWUrC
  [683/790] Adding: 13_2039678248859422720_video.mp4 ... QmUL45MsZTPeDLZ8peKetfbRTpg8rtzxwfDyUgN6Fsbos5
  [684/790] Adding: 13_2039902664704831488_video.mp4 ... QmSzsRZWztEgabgidvvv4Ah3Gu1LQXcQU8Ej1XnwEjFgKg
  [685/790] Adding: 13_2040004027136811010_video.mp4 ... QmWZZTBjUfWD3acbh5fxNWHHx3qeL8t93cMUX95zARFxww
  [686/790] Adding: 13_2040366280096821248_video.mp4 ... QmQTyCXE5XRFgxVAa52sRtMQLNLC1xHCRV8kmmTf4Z193h
  [687/790] Adding: 13_2040403610497056768_video.mp4 ... QmXyuXry1UKm4DjhNDbmZww9ADQm2aULLmnhW4zQHoxee9
  [688/790] Adding: 13_2040686237212921856_video.mp4 ... QmfHdoX8B2XrHZZz8N8EFZXjsqpJwWbNZAUtXF6o1LeoM6
  [689/790] Adding: 13_2040686290426109952_video.mp4 ... QmeTg34HUC7XYDauQsbgsGD9NNNTtZ55xGzymzo18qGnu6
  [690/790] Adding: 13_2040923689236287488_video.mp4 ... Qmdwe7NG2Kb3T4tQ3auwX9JjxMr3kGGL8tzMQm6KX8P6rb
  [691/790] Adding: 13_2040923897072324608_video.mp4 ... QmQqpmSHBqb4GtDsiAabwvJ5AC94haHx8QWLx52SptDxvu
  [692/790] Adding: 13_2040923946653192192_video.mp4 ... QmXopep2mMMez6UbJBeyychksb7znYdutTWHLkZw3VvrUE
  [693/790] Adding: 13_2041367728767041536_video.mp4 ... QmYaTYoPgVHrnc1MvCMCzYFWhGwNKtLLzwi2iKcu71EGx4
  [694/790] Adding: 13_2041368193776889856_video.mp4 ... Qmd3THsEQiqiVLLB3ftPqMcM7SzvU47ktRi7QSKz5cSCvi
  [695/790] Adding: 13_2041368219865473024_video.mp4 ... QmQcfEbrqh5NywFjWnzqRy8MFTDo6esSiVJFgFWg84P1WJ
  [696/790] Adding: 13_2041414520774836224_video.mp4 ... QmU5LrtTQDHhvRNqGVu1Vdhf37BT5EJP5yYuiGyJDn4sPP
  [697/790] Adding: 13_2041458850507939840_video.mp4 ... QmUVLyYBgHqqbskQiJAE3RDYor5JP8xjyEayTJuygetoSV
  [698/790] Adding: 13_2041458881797472256_video.mp4 ... QmPr4A9HmaB91t2QBMJAikYQBLF2mzoMsgK4Uv3WX6uWEK
  [699/790] Adding: 13_2041458910029357057_video.mp4 ... QmWScAjCJNZcm23XArwsGLMT1uDsDky4axXjre72sWcqkY
  [700/790] Adding: 13_2041674585805090817_video.mp4 ... QmPRsKrqqfs32Ww9tDSM4SVXZ7S8AkfYGk1aLCZVR5yDHu
  [701/790] Adding: 13_2041674654021251073_video.mp4 ... QmXS43dLTRe6dQg9SNvCbAyHFdmXbP2zvYnvz73Q7nvCFh
  [702/790] Adding: 13_2041683537192218625_video.mp4 ... QmejWGY8KkHHvHkhYKegPvrhhFgPU3YivmP65vyRprCwZd
  [703/790] Adding: 13_2041683563737968641_video.mp4 ... QmRNBKiCj1C4huuTZm9GyyyknZ7nbDGsqfjvueKdAKB3AL
  [704/790] Adding: 13_2041683584633991170_video.mp4 ... QmUT4Cznn8DpH6UVQLiGr9MqKYXiQXP9bjdTtBx5CiaSvv
  [705/790] Adding: 13_2041683608465977344_video.mp4 ... QmdQi4pEZX7Jp4T1zxbSKxkYSpH7LB1CDK4UxkuGu5XGZk
  [706/790] Adding: 13_2042222844860669952_video.mp4 ... QmbfnZ8QCsbhxVDn42Lhcx9i9oiZDPbcC5zyoQnryM24yV
  [707/790] Adding: 13_2042223819025420288_video.mp4 ... QmPRFu2TF85xVZtpytF4MRkWCXx68Ch1JZVnueF3Es1s6n
  [708/790] Adding: 13_2042517002548580352_video.mp4 ... QmPCGVtqNGuTPyaWHA4zyshrM57bbhkAqy6L2GCQ8kuUyd
  [709/790] Adding: 13_2042731830890426368_video.mp4 ... QmYRRJDWrWjADo4sdHbRYcX3cqiWJmGFgGWKobscBLCP2b
  [710/790] Adding: 13_2042960649857437697_video.mp4 ... QmYdsjXG35F3rq3Y8vpMYs7WJ3iscLxmG99hh37vUsAyKe
  [711/790] Adding: 13_2043282126775422976_video.mp4 ... QmWRzd66BrFaKaS3oofTA9EpQd9jfDgtx6LNaekgaKAzXx
  [712/790] Adding: 13_2043457882012917760_video.mp4 ... QmRjoPybT3y9eP6txcoApGNKrykGKarZVGCxcxrGrx5gjR
  [713/790] Adding: 13_2043502342260346880_video.mp4 ... QmRMbM7j9vSotR8EmixDD4rzLUgjexNTiqzBp5AVYbJ4MR
  [714/790] Adding: 13_2043508669527334912_video.mp4 ... QmeprsxqG4W4YexuHFHMwLcLEMgafNGzGvWueNZJxAskj7
  [715/790] Adding: 13_2043606527630786560_video.mp4 ... QmdcJ7qZT6LUHkS2tGMoMPkTCJoVtHq9jt1ZehhjxXDweX
  [716/790] Adding: 13_2043715767997452288_video.mp4 ... QmeRfhakML6iwZQE2EMqctNztSMrMEJGDnrHBJMkctHuev
  [717/790] Adding: 13_2043978897302401026_video.mp4 ... QmTKV6BTy2Sa6WsrJmfykvERmvUnTZmAnXJapCW8LXouj9
  [718/790] Adding: 13_2044022002504347655_video.mp4 ... QmRVeTUycBbydDEqvRkRBEtiVygAgETf73GNpz3cHwUKX7
  [719/790] Adding: 13_2044024931256852480_video.mp4 ... QmPDmBUdDfq1FfZx1qfDkmeSbLGpKjdV5bEBwfyseEV538
  [720/790] Adding: 13_2044596310473580544_video.mp4 ... Qmdct3rKYbgvwC8sTzcoLmgJEqzq3ByjDE3ZA3cBJRv9SH
  [721/790] Adding: 13_2044924356170854400_video.mp4 ... QmbiX1gg66z4Z2Fw7neHaxqujVbVHMFmEoQzVjH5NmD8cz
  [722/790] Adding: 13_2044927638201110528_video.mp4 ... QmXznvm5sekYHrZy1Be3UDuuERW96dDJnakrdbWKx94ZYF
  [723/790] Adding: 13_2044942800614268928_video.mp4 ... QmVva9nk6YxGhChS6M7Ndjr5mRNU92i5rxchKFRWkZQkR5
  [724/790] Adding: 13_2045282624676282368_video.mp4 ... QmNuNdrLBqLX1YM7a64M1Ej8goJqHe7JrCFAFk4a5VADU1
  [725/790] Adding: 13_2045371465424568321_video.mp4 ... QmRgvdh7A3dxkRREhXsm65AkGpeZiyE9YruSe2Y5BSM2eQ
  [726/790] Adding: 13_2045637997270593538_video.mp4 ... QmQwhBDmuuTjzwwXD3H4nzawpN6E4SGs9V8N8YGXSmZX8a
  [727/790] Adding: 13_2045694404695031808_video.mp4 ... QmdzB6wdY9bVvJx2kEeuovKHD5C34C9XHk7XuJjGsuj68B
  [728/790] Adding: 13_2045805270564212736_video.mp4 ... QmR1CSWjrUbAka9LfbMXejjRtjGW2M7ENYpd25FRFmwWnS
  [729/790] Adding: 13_2046406373307822080_video.mp4 ... QmTcMVLuj8dg1Ue6w27MXRLxz1LJQzB2f1DLjJPM8pZ7ui
  [730/790] Adding: 13_2046406394623168512_video.mp4 ... QmUPhzbLcvz95HvdNFjnxX1dpe8vPETLwM9nQeaEKnNWqz
  [731/790] Adding: 13_2046726719734939648_video.mp4 ... QmbxhTWnLuuaFR5VyCwpQv6NGm6Qh8U3FkrZwqB6tgYbk4
  [732/790] Adding: 13_2046726749254516737_video.mp4 ... QmUN3SeTgp6tvPfRifgiCL7v1wCaXTtwANJzMdVrC1XmCU
  [733/790] Adding: 16_1913350813298352128_video.mp4 ... QmVJeH5uqrAUYg5nNZzcdpMtU4VCJbcXho6zS2usutKtYo
  [734/790] Adding: 16_1919642447384346625_video.mp4 ... Qmbf5xD9QqVYXrt7ASLtgFRwHV8naHDnVfQQHEykaLcMMM
  [735/790] Adding: 16_1920981390658560000_video.mp4 ... QmYpDyDY5jEFhLoqxeSbtbtJjtWheET5rbXabBYtEhB1zv
  [736/790] Adding: 16_1923902243083812864_video.mp4 ... QmcArEg3BTsfPqMLz9QF4RFgEfi3axRt78JZyhePNPRKQb
  [737/790] Adding: 16_1924618048121798661_video.mp4 ... Qmd235NRPxuN2LHjcmxRhT45uzKonZTvznbGg8gsqYKtWH
  [738/790] Adding: 16_1925884998290157568_video.mp4 ... QmZQL11XiZ5hZsYP7GQQccJgdq29JoSEhbK8ERaPfus7wi
  [739/790] Adding: 16_1925885025691516928_video.mp4 ... QmPr8tpVL5DhNqzXi3aXDCj6vThd4HoK9eSTSfdxg9gAB9
  [740/790] Adding: 16_1927152613461573632_video.mp4 ... QmVJeH5uqrAUYg5nNZzcdpMtU4VCJbcXho6zS2usutKtYo
  [741/790] Adding: 16_1935493804909355008_video.mp4 ... QmULDubTo3kdDRtPSyVLsgu8aLTpvB6Jro2aTUDYNC9QKV
  [742/790] Adding: 16_1935609768959512576_video.mp4 ... QmVJeH5uqrAUYg5nNZzcdpMtU4VCJbcXho6zS2usutKtYo
  [743/790] Adding: 16_1935688539930288129_video.mp4 ... QmVqFLVafnZ5fCYVFfy1gSRSfMvyEz6jCd4HRW4bqVwe22
  [744/790] Adding: 16_1937073483705417728_video.mp4 ... QmR7rDZTQKSARsAB2s3yDJn6DUCjAyJWWHZPH1kssDWYDV
  [745/790] Adding: 16_1937428694521511936_video.mp4 ... QmTzHQoGSiSpETmVXn2xu1DyHzJabm8CJqP2CvvkY93auZ
  [746/790] Adding: 16_1937646623049535488_video.mp4 ... QmRHyP9MGZPUrDw1gBbrjfBY73vooza44vz4Waq9TidRHA
  [747/790] Adding: 16_1937813747239919616_video.mp4 ... QmRHyP9MGZPUrDw1gBbrjfBY73vooza44vz4Waq9TidRHA
  [748/790] Adding: 16_1938372741918572544_video.mp4 ... QmRHyP9MGZPUrDw1gBbrjfBY73vooza44vz4Waq9TidRHA
  [749/790] Adding: 16_1938728069528961024_video.mp4 ... QmRHyP9MGZPUrDw1gBbrjfBY73vooza44vz4Waq9TidRHA
  [750/790] Adding: 16_1939293159223144448_video.mp4 ... QmWnvTscXSazNtFHxbgP7iezSGr6aPkLjtMseamCXXfpac
  [751/790] Adding: 16_1939293224616783873_video.mp4 ... QmXSWxQLyHbS9QmXXaTGAT8payUS3GdvFagjJDujSpZSmZ
  [752/790] Adding: 16_1939482237382082560_video.mp4 ... QmUoGbu2dqY6gHdTMSPTYesys89CK8nPkQiGn8gMn9ndE1
  [753/790] Adding: 16_1940527362254188544_video.mp4 ... QmaTzJxujDtDfo2DK4auEmCNgEdQq8kU2wvJEWyh4Cs18P
  [754/790] Adding: 16_1941310612078014464_video.mp4 ... Qme7NtjvqMWW4WsumpEKSdeZGjvBxdpijttKu4JTfXz5TC
  [755/790] Adding: 16_1942000022284865537_video.mp4 ... QmSzRfniuwkg4dugNNPh6T3aD7VzWAS3uijP9HioqWgD18
  [756/790] Adding: 16_1942000040337350656_video.mp4 ... QmaTzJxujDtDfo2DK4auEmCNgEdQq8kU2wvJEWyh4Cs18P
  [757/790] Adding: 16_1942865021027139584_video.mp4 ... QmaVUczam6Er6LAwSbmAULKYtb7dBFxacecMhJSMMyRHPM
  [758/790] Adding: 16_1947657622414331904_video.mp4 ... QmXSWxQLyHbS9QmXXaTGAT8payUS3GdvFagjJDujSpZSmZ
  [759/790] Adding: 16_1950320545847001088_video.mp4 ... QmeCjja1HTHnWkEcF5Mcci3jPnT8tGgLLHJwKwn5DdAvuD
  [760/790] Adding: 16_1952499963872874496_video.mp4 ... QmVJeH5uqrAUYg5nNZzcdpMtU4VCJbcXho6zS2usutKtYo
  [761/790] Adding: 16_1953571746541686784_video.mp4 ... QmXoWM3n4woU1KpTEByHRXuJANZYqBwbLLBrkjw3vEF4W8
  [762/790] Adding: 16_1953578965656113152_video.mp4 ... QmXSWxQLyHbS9QmXXaTGAT8payUS3GdvFagjJDujSpZSmZ
  [763/790] Adding: 16_1958469374895165440_video.mp4 ... QmejSqLQX2fVTJj1YpcXr1HEd9mEgwkqBgeeDoZtcgXcWk
  [764/790] Adding: 16_1958469412534763520_video.mp4 ... QmTfU3Wmmcw2bTmBThPwHajsewMyaTJk5PmMpDvhkNxsU3
  [765/790] Adding: 16_1971332286403706882_video.mp4 ... QmRaP5tpmVpU7SntqVekEG937ybCK2hV6GCiTuNt9Ud9uz
  [766/790] Adding: 16_1972053713864028160_video.mp4 ... QmVJeH5uqrAUYg5nNZzcdpMtU4VCJbcXho6zS2usutKtYo
  [767/790] Adding: 16_1974237247705923584_video.mp4 ... QmWpMWE8DLkEjiaDR1PyaxLe7oPBeoipTZodCa1zQWac1T
  [768/790] Adding: 16_1978288724460113920_video.mp4 ... QmYpDyDY5jEFhLoqxeSbtbtJjtWheET5rbXabBYtEhB1zv
  [769/790] Adding: 16_1978442758991081472_video.mp4 ... QmXSWxQLyHbS9QmXXaTGAT8payUS3GdvFagjJDujSpZSmZ
  [770/790] Adding: 16_1980913785419296768_video.mp4 ... QmXpdni8xbcCLhYJ3pB1qi34dTzeWBwoXTPyJ188j2p18u
  [771/790] Adding: 16_1988339700588048386_video.mp4 ... QmQ6qsHyVjwRARBLNCYe4xWyb9arMtg5uxne6caryU4vmZ
  [772/790] Adding: 16_1989891329967722496_video.mp4 ... QmTKw6anrSM1Fe1zbKwCpEuBAsJnU7swhM5Q82WTakovcW
  [773/790] Adding: 16_1990161909908418560_video.mp4 ... QmVJeH5uqrAUYg5nNZzcdpMtU4VCJbcXho6zS2usutKtYo
  [774/790] Adding: 16_1990166786147520512_video.mp4 ... QmXSWxQLyHbS9QmXXaTGAT8payUS3GdvFagjJDujSpZSmZ
  [775/790] Adding: 16_1991687778166534149_video.mp4 ... Qmcnc3mE23z9QunQ3W9oYf8mtAkStuAUTAK7tkE4MAcaSP
  [776/790] Adding: 16_1993429067937562624_video.mp4 ... QmTzPQjshrrDCX7NdT7dvYhDqyPtFLggfBp7EK55qFFkrj
  [777/790] Adding: 16_1997767431184695296_video.mp4 ... QmQw1VA6sqaz75YVixb11c9bAHCJEch2UXG6f4v8Yzs3jZ
  [778/790] Adding: 16_1998210955034161152_video.mp4 ... QmVJeH5uqrAUYg5nNZzcdpMtU4VCJbcXho6zS2usutKtYo
  [779/790] Adding: 16_2010494281300221952_video.mp4 ... QmWnvTscXSazNtFHxbgP7iezSGr6aPkLjtMseamCXXfpac
  [780/790] Adding: 16_2015730486145073153_video.mp4 ... QmWnvTscXSazNtFHxbgP7iezSGr6aPkLjtMseamCXXfpac
  [781/790] Adding: 16_2015744585495142400_video.mp4 ... QmWX3HrqiL77mm38SfyDd7eodCpKXv3z5yvT8gR9SiEDYF
  [782/790] Adding: 16_2015995613650014208_video.mp4 ... QmSFUDKB4fWQ1HucWKUzCuzCoTckGEAyPYov1umM6LSKZ5
  [783/790] Adding: 16_2017215277357035521_video.mp4 ... QmVJeH5uqrAUYg5nNZzcdpMtU4VCJbcXho6zS2usutKtYo
  [784/790] Adding: 16_2017532741684985856_video.mp4 ... Qmf1PkgbhDKtUrhkhQ2iPFq8AaVUaLxeBwczM1xphz7daA
  [785/790] Adding: 16_2024993521615421440_video.mp4 ... QmVJeH5uqrAUYg5nNZzcdpMtU4VCJbcXho6zS2usutKtYo
  [786/790] Adding: 16_2025747259263238144_video.mp4 ... QmYNUUpNRjL8GRvcCXF5aiJ1p6Uquug4H8R5jkUpp6wgF5
  [787/790] Adding: 16_2026056346026868736_video.mp4 ... QmTzPQjshrrDCX7NdT7dvYhDqyPtFLggfBp7EK55qFFkrj
  [788/790] Adding: 16_2037283587087904768_video.mp4 ... QmVkKR77VEhPCzUjsitRyDJkJh2Erw6yghqTwuk6KffrRq
  [789/790] Adding: 16_2041570679372574723_video.mp4 ... QmUu9Qnrw4QDRwDiRRz39xcUf9BWqkxhfNJaVLVAc8iqc6
  [790/790] Adding: 7_1946536045157208064_video.mp4 ... QmQyR2e3emVAY3hvucpbgY9udHJtevKjVnyxz87E9W3dsH

========================================
  Done.
  manifest.yaml: /Users/bryan/BGit/Bryan_git/UAP_Murder_Docus/Physics/Physics_Math/ipfs/manifest.yaml
  get_videos.sh: /Users/bryan/BGit/Bryan_git/UAP_Murder_Docus/Physics/Physics_Math/ipfs/get_videos.sh
  Total processed: 790
========================================
